// Jest Snapshot v1, https://goo.gl/fbAQLP

exports[`LogoSlider should render component 1`] = `
<div>
  <div
    class="MuiBox-root mui-style-1ujwi3-LogoSlider"
  >
    <div
      class="mui-style-8dpl4f-LogoSlider"
    >
      <a
        class="mui-style-17jb5e9-LogoComponent"
        href="http://www.google.com"
        rel="noreferrer"
        target="_blank"
      >
        <img
          alt="Microsoft"
          data-nimg="fill"
          decoding="async"
          loading="lazy"
          sizes="100vw"
          src="/_next/image?url=%2Fimages%2Flogos%2Fmicrosoft-logo.png&w=3840&q=75"
          srcset="/_next/image?url=%2Fimages%2Flogos%2Fmicrosoft-logo.png&w=640&q=75 640w, /_next/image?url=%2Fimages%2Flogos%2Fmicrosoft-logo.png&w=750&q=75 750w, /_next/image?url=%2Fimages%2Flogos%2Fmicrosoft-logo.png&w=828&q=75 828w, /_next/image?url=%2Fimages%2Flogos%2Fmicrosoft-logo.png&w=1080&q=75 1080w, /_next/image?url=%2Fimages%2Flogos%2Fmicrosoft-logo.png&w=1200&q=75 1200w, /_next/image?url=%2Fimages%2Flogos%2Fmicrosoft-logo.png&w=1920&q=75 1920w, /_next/image?url=%2Fimages%2Flogos%2Fmicrosoft-logo.png&w=2048&q=75 2048w, /_next/image?url=%2Fimages%2Flogos%2Fmicrosoft-logo.png&w=3840&q=75 3840w"
          style="position: absolute; height: 100%; width: 100%; left: 0px; top: 0px; right: 0px; bottom: 0px; object-fit: contain; color: transparent;"
        />
      </a>
      <a
        class="mui-style-17jb5e9-LogoComponent"
        href="http://www.google.com"
        rel="noreferrer"
        target="_blank"
      >
        <img
          alt="LinkedIn"
          data-nimg="fill"
          decoding="async"
          loading="lazy"
          sizes="100vw"
          src="/_next/image?url=%2Fimages%2Flogos%2FlinkedIn-logo.png&w=3840&q=75"
          srcset="/_next/image?url=%2Fimages%2Flogos%2FlinkedIn-logo.png&w=640&q=75 640w, /_next/image?url=%2Fimages%2Flogos%2FlinkedIn-logo.png&w=750&q=75 750w, /_next/image?url=%2Fimages%2Flogos%2FlinkedIn-logo.png&w=828&q=75 828w, /_next/image?url=%2Fimages%2Flogos%2FlinkedIn-logo.png&w=1080&q=75 1080w, /_next/image?url=%2Fimages%2Flogos%2FlinkedIn-logo.png&w=1200&q=75 1200w, /_next/image?url=%2Fimages%2Flogos%2FlinkedIn-logo.png&w=1920&q=75 1920w, /_next/image?url=%2Fimages%2Flogos%2FlinkedIn-logo.png&w=2048&q=75 2048w, /_next/image?url=%2Fimages%2Flogos%2FlinkedIn-logo.png&w=3840&q=75 3840w"
          style="position: absolute; height: 100%; width: 100%; left: 0px; top: 0px; right: 0px; bottom: 0px; object-fit: contain; color: transparent;"
        />
      </a>
      <a
        class="mui-style-17jb5e9-LogoComponent"
        href="http://www.google.com"
        rel="noreferrer"
        target="_blank"
      >
        <img
          alt="Google"
          data-nimg="fill"
          decoding="async"
          loading="lazy"
          sizes="100vw"
          src="/_next/image?url=%2Fimages%2Flogos%2Fgoogle-logo.png&w=3840&q=75"
          srcset="/_next/image?url=%2Fimages%2Flogos%2Fgoogle-logo.png&w=640&q=75 640w, /_next/image?url=%2Fimages%2Flogos%2Fgoogle-logo.png&w=750&q=75 750w, /_next/image?url=%2Fimages%2Flogos%2Fgoogle-logo.png&w=828&q=75 828w, /_next/image?url=%2Fimages%2Flogos%2Fgoogle-logo.png&w=1080&q=75 1080w, /_next/image?url=%2Fimages%2Flogos%2Fgoogle-logo.png&w=1200&q=75 1200w, /_next/image?url=%2Fimages%2Flogos%2Fgoogle-logo.png&w=1920&q=75 1920w, /_next/image?url=%2Fimages%2Flogos%2Fgoogle-logo.png&w=2048&q=75 2048w, /_next/image?url=%2Fimages%2Flogos%2Fgoogle-logo.png&w=3840&q=75 3840w"
          style="position: absolute; height: 100%; width: 100%; left: 0px; top: 0px; right: 0px; bottom: 0px; object-fit: contain; color: transparent;"
        />
      </a>
      <a
        class="mui-style-17jb5e9-LogoComponent"
        href="http://www.google.com"
        rel="noreferrer"
        target="_blank"
      >
        <img
          alt="Microsoft"
          data-nimg="fill"
          decoding="async"
          loading="lazy"
          sizes="100vw"
          src="/_next/image?url=%2Fimages%2Flogos%2Fmicrosoft-logo.png&w=3840&q=75"
          srcset="/_next/image?url=%2Fimages%2Flogos%2Fmicrosoft-logo.png&w=640&q=75 640w, /_next/image?url=%2Fimages%2Flogos%2Fmicrosoft-logo.png&w=750&q=75 750w, /_next/image?url=%2Fimages%2Flogos%2Fmicrosoft-logo.png&w=828&q=75 828w, /_next/image?url=%2Fimages%2Flogos%2Fmicrosoft-logo.png&w=1080&q=75 1080w, /_next/image?url=%2Fimages%2Flogos%2Fmicrosoft-logo.png&w=1200&q=75 1200w, /_next/image?url=%2Fimages%2Flogos%2Fmicrosoft-logo.png&w=1920&q=75 1920w, /_next/image?url=%2Fimages%2Flogos%2Fmicrosoft-logo.png&w=2048&q=75 2048w, /_next/image?url=%2Fimages%2Flogos%2Fmicrosoft-logo.png&w=3840&q=75 3840w"
          style="position: absolute; height: 100%; width: 100%; left: 0px; top: 0px; right: 0px; bottom: 0px; object-fit: contain; color: transparent;"
        />
      </a>
      <a
        class="mui-style-17jb5e9-LogoComponent"
        href="http://www.google.com"
        rel="noreferrer"
        target="_blank"
      >
        <img
          alt="LinkedIn"
          data-nimg="fill"
          decoding="async"
          loading="lazy"
          sizes="100vw"
          src="/_next/image?url=%2Fimages%2Flogos%2FlinkedIn-logo.png&w=3840&q=75"
          srcset="/_next/image?url=%2Fimages%2Flogos%2FlinkedIn-logo.png&w=640&q=75 640w, /_next/image?url=%2Fimages%2Flogos%2FlinkedIn-logo.png&w=750&q=75 750w, /_next/image?url=%2Fimages%2Flogos%2FlinkedIn-logo.png&w=828&q=75 828w, /_next/image?url=%2Fimages%2Flogos%2FlinkedIn-logo.png&w=1080&q=75 1080w, /_next/image?url=%2Fimages%2Flogos%2FlinkedIn-logo.png&w=1200&q=75 1200w, /_next/image?url=%2Fimages%2Flogos%2FlinkedIn-logo.png&w=1920&q=75 1920w, /_next/image?url=%2Fimages%2Flogos%2FlinkedIn-logo.png&w=2048&q=75 2048w, /_next/image?url=%2Fimages%2Flogos%2FlinkedIn-logo.png&w=3840&q=75 3840w"
          style="position: absolute; height: 100%; width: 100%; left: 0px; top: 0px; right: 0px; bottom: 0px; object-fit: contain; color: transparent;"
        />
      </a>
      <a
        class="mui-style-17jb5e9-LogoComponent"
        href="http://www.google.com"
        rel="noreferrer"
        target="_blank"
      >
        <img
          alt="Google"
          data-nimg="fill"
          decoding="async"
          loading="lazy"
          sizes="100vw"
          src="/_next/image?url=%2Fimages%2Flogos%2Fgoogle-logo.png&w=3840&q=75"
          srcset="/_next/image?url=%2Fimages%2Flogos%2Fgoogle-logo.png&w=640&q=75 640w, /_next/image?url=%2Fimages%2Flogos%2Fgoogle-logo.png&w=750&q=75 750w, /_next/image?url=%2Fimages%2Flogos%2Fgoogle-logo.png&w=828&q=75 828w, /_next/image?url=%2Fimages%2Flogos%2Fgoogle-logo.png&w=1080&q=75 1080w, /_next/image?url=%2Fimages%2Flogos%2Fgoogle-logo.png&w=1200&q=75 1200w, /_next/image?url=%2Fimages%2Flogos%2Fgoogle-logo.png&w=1920&q=75 1920w, /_next/image?url=%2Fimages%2Flogos%2Fgoogle-logo.png&w=2048&q=75 2048w, /_next/image?url=%2Fimages%2Flogos%2Fgoogle-logo.png&w=3840&q=75 3840w"
          style="position: absolute; height: 100%; width: 100%; left: 0px; top: 0px; right: 0px; bottom: 0px; object-fit: contain; color: transparent;"
        />
      </a>
    </div>
  </div>
</div>
`;
