// Jest Snapshot v1, https://goo.gl/fbAQLP

exports[`NewsSummaryCard should render component 1`] = `
<div>
  <div
    class="MuiPaper-root MuiPaper-elevation MuiPaper-rounded MuiPaper-elevation1 MuiCard-root mui-style-120eg3o-MuiPaper-root-MuiCard-root"
  >
    <img
      alt="Image alt text"
      class="MuiCardMedia-root MuiCardMedia-media MuiCardMedia-img mui-style-o69gx8-MuiCardMedia-root"
      height="225px"
      src="/images/account/teams/integrations/create.jpg"
    />
    <div
      class="mui-style-1sn3vv7"
    >
      <div>
        Jan
      </div>
      <div>
        01
      </div>
    </div>
    <div
      class="MuiCardContent-root mui-style-46bh2p-MuiCardContent-root"
    >
      <div
        class="MuiTypography-root MuiTypography-h5 MuiTypography-gutterBottom mui-style-96vc0a-MuiTypography-root"
      >
        <div
          class="LinesEllipsis  "
        >
          This is a headline
          <wbr />
        </div>
      </div>
      <div
        class="MuiTypography-root MuiTypography-body2 mui-style-qd21mq-MuiTypography-root"
      >
        <div
          class="LinesEllipsis  "
        >
          Cras ut sem eu ligula tincidunt aliquet. Lorem ipsum dolor sit amet. Nullam maximus risus et pharetra fringill. Suspendisse porttitor tortor et lectus pulvinar
          <wbr />
        </div>
      </div>
      <div
        class="MuiBox-root mui-style-164r41r"
      >
        <a
          class="MuiTypography-root MuiTypography-inherit MuiLink-root MuiLink-underlineHover mui-style-zky3v8-MuiTypography-root-MuiLink-root"
          href="https://www.healthdatagateway.org/"
        >
          Read more
        </a>
      </div>
    </div>
  </div>
</div>
`;
