// Jest Snapshot v1, https://goo.gl/fbAQLP

exports[`Given the Timeline component When it is rendered Then matches the previous snapshot 1`] = `
<div>
  <div
    class="ui-Box emotion-0"
  >
    <ul
      class="ui-Timeline additional-classname emotion-1"
    >
      <li
        class="emotion-2"
      >
        <div
          class="emotion-3"
        >
          <div
            class="timeline-icon emotion-4"
          >
            <div>
              Icon 1
            </div>
          </div>
          <div
            class="emotion-5"
          >
            <time
              data-testid="event-time-0"
              datetime="17:02"
            >
              17:02
            </time>
          </div>
        </div>
        <div
          class="emotion-6"
        >
          Content 1
        </div>
      </li>
      <li
        class="emotion-2"
      >
        <div
          class="emotion-3"
        >
          <div
            class="timeline-icon emotion-4"
          >
            <div>
              Icon 2
            </div>
          </div>
          <div
            class="emotion-5"
          >
            <time
              data-testid="event-time-1"
              datetime="16:07"
            >
              16:07
            </time>
          </div>
        </div>
        <div
          class="emotion-6"
        >
          Content 2
        </div>
      </li>
    </ul>
  </div>
</div>
`;
