// Jest Snapshot v1, https://goo.gl/fbAQLP

exports[`Given the Timeline component When it is rendered Then matches the previous snapshot 1`] = `
<div>
  <ul
    class="ui-Timeline additional-classname css-1sivg29 css-1rag44v-Timeline"
  >
    <li
      class="css-f5erw7"
    >
      <div
        class="css-z67izj"
      >
        <div
          class="timeline-icon css-1vyp46c"
        >
          <div>
            Icon 1
          </div>
        </div>
        <div
          class="css-1pfaqp5"
        >
          <time
            data-testid="event-time-0"
            datetime="17:02"
          >
            17:02
          </time>
        </div>
      </div>
      <div
        class="css-obendf"
      >
        Content 1
      </div>
    </li>
    <li
      class="css-f5erw7"
    >
      <div
        class="css-z67izj"
      >
        <div
          class="timeline-icon css-1vyp46c"
        >
          <div>
            Icon 2
          </div>
        </div>
        <div
          class="css-1pfaqp5"
        >
          <time
            data-testid="event-time-1"
            datetime="16:07"
          >
            16:07
          </time>
        </div>
      </div>
      <div
        class="css-obendf"
      >
        Content 2
      </div>
    </li>
  </ul>
</div>
`;
