// Jest Snapshot v1, https://goo.gl/fbAQLP

exports[`Given the Timeline component When it is rendered Then matches the previous snapshot 1`] = `
<div>
  <div
    class="ui-Box css-sljqgp"
  >
    <ul
      class="ui-Timeline additional-classname css-1q9wqza-Timeline"
    >
      <li
        class="css-rdpgf6"
      >
        <div
          class="css-tibvs0"
        >
          <div
            class="timeline-icon css-xcyt8m"
          >
            <div>
              Icon 1
            </div>
          </div>
          <div
            class="css-9q9mcc"
          >
            <time
              data-testid="event-time-0"
              datetime="17:02"
            >
              17:02
            </time>
          </div>
        </div>
        <div
          class="css-1a8jukm"
        >
          Content 1
        </div>
      </li>
      <li
        class="css-rdpgf6"
      >
        <div
          class="css-tibvs0"
        >
          <div
            class="timeline-icon css-xcyt8m"
          >
            <div>
              Icon 2
            </div>
          </div>
          <div
            class="css-9q9mcc"
          >
            <time
              data-testid="event-time-1"
              datetime="16:07"
            >
              16:07
            </time>
          </div>
        </div>
        <div
          class="css-1a8jukm"
        >
          Content 2
        </div>
      </li>
    </ul>
  </div>
</div>
`;
