// Jest Snapshot v1, https://goo.gl/fbAQLP

exports[`Given the Modal component When it is rendered Then matches the previous snapshot 1`] = `
<div>
  <div
    class="ui-Dimmer css-t1lyrf-Dimmer"
  >
    <div
      class="ui-LayoutBox css-1m30tkv"
    >
      <div
        class="ui-Modal ui-Card css-qqktxm-Card"
      >
        <div
          class="ui-LayoutBox css-1pjjxvx"
        >
          <button
            class="ui-LayoutBox ui-Cta css-1ahlma1-Cta css-l4ytru"
          >
             
             
            <span
              class="ui-Icon css-7gpj3f css-jh808c-Icon"
            >
              <iconmock />
            </span>
          </button>
        </div>
        <div
          class="ui-ModalHeader ui-CardHeader css-15f034b-CardHeader"
        >
          Header
        </div>
        <div
          class="ui-ModalBody ui-CardBody css-1q6nqwm-CardBody"
        >
          Body
        </div>
        <div
          class="ui-ModalFooter ui-CardFooter css-ulm7py-CardFooter"
        >
          <div
            class="ui-LayoutBox css-6gjyu9"
          >
            Footer
          </div>
        </div>
      </div>
    </div>
  </div>
</div>
`;
