// Jest Snapshot v1, https://goo.gl/fbAQLP

exports[`Given the Modal component When it is rendered Then matches the previous snapshot 1`] = `
<div>
  <div
    class="ui-Dimmer emotion-0"
  >
    <div
      class="ui-LayoutBox emotion-1"
    >
      <div
        class="ui-Modal ui-Card emotion-2"
      >
        <div
          class="ui-LayoutBox emotion-3 emotion-4"
        >
          <a
            class="ui-Cta ui-Box emotion-5"
          >
             
             
            <span
              class="ui-Icon emotion-6 emotion-7"
            >
              <icon-mock />
            </span>
          </a>
        </div>
        <div
          class="ui-ModalHeader ui-CardHeader emotion-8"
        >
          Header
        </div>
        <div
          class="ui-ModalBody ui-CardBody emotion-9"
        >
          Body
        </div>
        <div
          class="ui-ModalFooter ui-CardFooter emotion-10"
        >
          <div
            class="ui-LayoutBox emotion-11"
          >
            Footer
          </div>
        </div>
      </div>
    </div>
  </div>
</div>
`;
