// Jest Snapshot v1, https://goo.gl/fbAQLP

exports[`Given the Modal component When it is rendered Then matches the previous snapshot 1`] = `
<div>
  <div
    class="ui-Dimmer emotion-0"
  >
    <div
      class="ui-Modal ui-Card emotion-1"
      role="article"
    >
      <div
        class="ui-LayoutBox emotion-2 emotion-3"
      >
        <a
          class="ui-Cta ui-Box emotion-4"
        >
           
           
          <span
            class="ui-Icon emotion-5 emotion-6"
          >
            <icon-mock />
          </span>
        </a>
      </div>
      <div
        class="ui-ModalHeader ui-CardHeader emotion-7"
      >
        Header
      </div>
      <div
        class="ui-ModalBody ui-CardBody emotion-8"
      >
        Body
      </div>
      <div
        class="ui-ModalFooter ui-CardFooter emotion-9"
      >
        <div
          class="ui-LayoutBox emotion-10"
        >
          Footer
        </div>
      </div>
    </div>
  </div>
</div>
`;
