// Jest Snapshot v1, https://goo.gl/fbAQLP

exports[`Checkbox checkbox snapshot 1`] = `
<div>
  <div
    class="MuiFormControl-root MuiFormControl-fullWidth mui-style-7cho04-MuiFormControl-root"
  >
    <label
      class="MuiFormControlLabel-root MuiFormControlLabel-labelPlacementEnd mui-style-1xk0t8p-MuiFormControlLabel-root"
    >
      <span
        class="MuiButtonBase-root MuiCheckbox-root MuiCheckbox-colorSecondary MuiCheckbox-sizeMedium PrivateSwitchBase-root MuiCheckbox-root MuiCheckbox-colorSecondary MuiCheckbox-sizeMedium MuiCheckbox-root MuiCheckbox-colorSecondary MuiCheckbox-sizeMedium mui-style-9mx8c8-MuiButtonBase-root-MuiSwitchBase-root-MuiCheckbox-root"
      >
        <input
          class="PrivateSwitchBase-input mui-style-12xagqm-MuiSwitchBase-root"
          data-indeterminate="false"
          id="fieldName"
          name="fieldName"
          type="checkbox"
        />
        <span
          class="mui-style-f6vn6k"
          font-size="medium"
        />
      </span>
      <span
        class="MuiTypography-root MuiTypography-body1 MuiFormControlLabel-label mui-style-199nn88-MuiTypography-root"
      >
        <p
          class="MuiTypography-root MuiTypography-body2 mui-style-lf0vwj-MuiTypography-root"
        >
          <label
            for="fieldName"
          >
            checkbox label
          </label>
        </p>
      </span>
    </label>
  </div>
</div>
`;
