// Jest Snapshot v1, https://goo.gl/fbAQLP

exports[`Accordion should render component 1`] = `
<div>
  <div>
    <div
      class="MuiPaper-root MuiPaper-elevation MuiPaper-rounded MuiPaper-elevation1 MuiAccordion-root MuiAccordion-rounded MuiAccordion-gutters mui-style-1elwnq4-MuiPaper-root-MuiAccordion-root"
    >
      <div
        aria-expanded="false"
        class="MuiButtonBase-root MuiAccordionSummary-root MuiAccordionSummary-gutters mui-style-16puya-MuiButtonBase-root-MuiAccordionSummary-root"
        role="button"
        tabindex="0"
      >
        <div
          class="MuiAccordionSummary-content MuiAccordionSummary-contentGutters mui-style-o4b71y-MuiAccordionSummary-content"
        >
          Accordion Summary
        </div>
        <div
          class="MuiAccordionSummary-expandIconWrapper mui-style-yw020d-MuiAccordionSummary-expandIconWrapper"
        >
          <svg
            aria-hidden="true"
            class="MuiSvgIcon-root MuiSvgIcon-colorPrimary MuiSvgIcon-fontSizeMedium mui-style-5xmdy0-MuiSvgIcon-root"
            data-testid="ArrowDropDownIcon"
            focusable="false"
            viewBox="0 0 24 24"
          >
            <path
              d="m7 10 5 5 5-5z"
            />
          </svg>
        </div>
      </div>
      <div
        class="MuiCollapse-root MuiCollapse-vertical MuiCollapse-hidden mui-style-bz4dnt-MuiCollapse-root"
        style="min-height: 0px;"
      >
        <div
          class="MuiCollapse-wrapper MuiCollapse-vertical mui-style-smkl36-MuiCollapse-wrapper"
        >
          <div
            class="MuiCollapse-wrapperInner MuiCollapse-vertical mui-style-9l5vo-MuiCollapse-wrapperInner"
          >
            <div
              class="MuiAccordion-region"
              role="region"
            >
              <div
                class="MuiAccordionDetails-root mui-style-15v22id-MuiAccordionDetails-root"
              >
                <p
                  class="MuiTypography-root MuiTypography-body1 mui-style-qcxu8i-MuiTypography-root"
                >
                  Detail Contents
                </p>
              </div>
            </div>
          </div>
        </div>
      </div>
    </div>
  </div>
</div>
`;
