// Jest Snapshot v1, https://goo.gl/fbAQLP

exports[`Checkbox checkbox snapshot 1`] = `
<div>
  <div
    class="MuiFormControl-root MuiFormControl-fullWidth mui-style-vd0s50-MuiFormControl-root"
  >
    <label
      class="MuiFormControlLabel-root MuiFormControlLabel-labelPlacementEnd mui-style-1pwbvyj-MuiFormControlLabel-root"
    >
      <span
        class="MuiButtonBase-root MuiCheckbox-root MuiCheckbox-colorSecondary PrivateSwitchBase-root MuiCheckbox-root MuiCheckbox-colorSecondary MuiCheckbox-root MuiCheckbox-colorSecondary mui-style-dzoou-MuiButtonBase-root-MuiCheckbox-root"
      >
        <input
          class="PrivateSwitchBase-input mui-style-1m9pwf3"
          data-indeterminate="false"
          name="fieldName"
          type="checkbox"
        />
        <svg
          aria-hidden="true"
          class="MuiSvgIcon-root MuiSvgIcon-fontSizeMedium mui-style-i4bv87-MuiSvgIcon-root"
          data-testid="CheckBoxOutlineBlankIcon"
          focusable="false"
          viewBox="0 0 24 24"
        >
          <path
            d="M19 5v14H5V5h14m0-2H5c-1.1 0-2 .9-2 2v14c0 1.1.9 2 2 2h14c1.1 0 2-.9 2-2V5c0-1.1-.9-2-2-2z"
          />
        </svg>
      </span>
      <span
        class="MuiTypography-root MuiTypography-body1 MuiFormControlLabel-label mui-style-ahj2mt-MuiTypography-root"
      >
        checkbox label
      </span>
    </label>
  </div>
</div>
`;
