// Jest Snapshot v1, https://goo.gl/fbAQLP

exports[`Layout should render component 1`] = `
<div>
  <div
    style="width: 100%; padding: 20px; font-family: arial;"
  >
    <div
      style="display: flex; justify-content: space-between; align-items: center;"
    >
      <ul
        style="display: inline-block; list-style: none;"
      >
        <li
          style="display: inline-block;"
        >
          <a
            class="MuiTypography-root MuiTypography-inherit MuiLink-root MuiLink-underlineAlways css-1bhi0za-MuiTypography-root-MuiLink-root"
            href="/"
          >
            Home
          </a>
        </li>
      </ul>
      <ul
        style="display: inline-block; list-style: none;"
      >
        <li
          style="display: inline-block; padding-left: 10px;"
        >
          <a
            class="MuiTypography-root MuiTypography-inherit MuiLink-root MuiLink-underlineAlways css-1bhi0za-MuiTypography-root-MuiLink-root"
            href="/account"
          >
            HeaderNav.labels.myAccount
          </a>
        </li>
      </ul>
    </div>
    <main>
      <div>
        content
      </div>
    </main>
    <div
      style="text-align: center; width: 100%; padding: 20px;"
    >
      ©
      Footer.text
    </div>
  </div>
</div>
`;
