// Jest Snapshot v1, https://goo.gl/fbAQLP

exports[`Layout should render component 1`] = `
<div>
  <div
    style="width: 100%; padding: 20px;"
  >
    <div
      style="display: flex; justify-content: space-between;"
    >
      <ul
        style="padding: 20px; display: inline-block; list-style: none;"
      >
        <li
          style="display: inline-block; padding-left: 10px;"
        >
          <a
            href="/"
          >
            Home
          </a>
        </li>
      </ul>
      <ul
        style="padding: 20px; display: inline-block; list-style: none;"
      >
        <li
          style="display: inline-block; padding-left: 10px;"
        >
          <a
            href="/account"
          >
            My Account
          </a>
        </li>
      </ul>
    </div>
    <main>
      <div>
        content
      </div>
    </main>
    <div
      style="text-align: center; width: 100%; padding: 20px;"
    >
      ©HDR UK 
      2023
      . All rights reserved.
    </div>
  </div>
</div>
`;
