// Jest Snapshot v1, https://goo.gl/fbAQLP

exports[`AccountNavMenu Should render correctly for admin section manager 1`] = `
<div>
  <div
    class="col-sm-12 col-md-2 accountMenuHolder"
  >
    <div
      class="account-menu"
    >
      <div
        class="dropdown"
      >
        <a
          href="#"
        >
          <div
            class="teamSelectorHeader"
          >
            <span
              class="gray700-13"
            >
              HDR Admin
            </span>
            <icon-mock
              classname="dataClassArrow pointer"
              fill="#475da7"
            />
          </div>
        </a>
      </div>
      <div
        class="accountNav"
        role="link"
      >
        <a
          class="verticalNavBar gray700-13 nav-link"
          href="/account?tab=datasets"
        >
          <span
            class="ui-Icon emotion-0"
          >
            <icon-mock />
          </span>
          <span
            class="navLinkItem"
          >
            Datasets
          </span>
        </a>
      </div>
      <div
        class="accountNav"
        role="link"
      >
        <a
          class="verticalNavBar gray700-13 nav-link"
          href="/account?tab=datause"
        >
          <span
            class="ui-Icon emotion-0"
          >
            <icon-mock />
          </span>
          <span
            class="navLinkItem"
          >
            Data Uses
          </span>
        </a>
      </div>
      <div
        class="accountNav"
        role="link"
      >
        <a
          class="verticalNavBar gray700-13 nav-link"
          href="/account?tab=teams"
        >
          <span
            class="ui-Icon emotion-0"
          >
            <icon-mock />
          </span>
          <span
            class="navLinkItem"
          >
            Teams
          </span>
        </a>
      </div>
    </div>
  </div>
</div>
`;

exports[`AccountNavMenu Should render correctly for admin section metadata editor 1`] = `
<div>
  <div
    class="col-sm-12 col-md-2 accountMenuHolder"
  >
    <div
      class="account-menu"
    >
      <div
        class="dropdown"
      >
        <a
          href="#"
        >
          <div
            class="teamSelectorHeader"
          >
            <span
              class="gray700-13"
            >
              HDR Admin
            </span>
            <icon-mock
              classname="dataClassArrow pointer"
              fill="#475da7"
            />
          </div>
        </a>
      </div>
      <div
        class="accountNav"
        role="link"
      >
        <a
          class="verticalNavBar gray700-13 nav-link"
          href="/account?tab=datasets"
        >
          <span
            class="ui-Icon emotion-0"
          >
            <icon-mock />
          </span>
          <span
            class="navLinkItem"
          >
            Datasets
          </span>
        </a>
      </div>
      <div
        class="accountNav"
        role="link"
      >
        <a
          class="verticalNavBar gray700-13 nav-link"
          href="/account?tab=datause"
        >
          <span
            class="ui-Icon emotion-0"
          >
            <icon-mock />
          </span>
          <span
            class="navLinkItem"
          >
            Data Uses
          </span>
        </a>
      </div>
      <div
        class="accountNav"
        role="link"
      >
        <a
          class="verticalNavBar gray700-13 nav-link"
          href="/account?tab=teams"
        >
          <span
            class="ui-Icon emotion-0"
          >
            <icon-mock />
          </span>
          <span
            class="navLinkItem"
          >
            Teams
          </span>
        </a>
      </div>
    </div>
  </div>
</div>
`;

exports[`AccountNavMenu Should render correctly for admin section reviewer 1`] = `
<div>
  <div
    class="col-sm-12 col-md-2 accountMenuHolder"
  >
    <div
      class="account-menu"
    >
      <div
        class="dropdown"
      >
        <a
          href="#"
        >
          <div
            class="teamSelectorHeader"
          >
            <span
              class="gray700-13"
            >
              HDR Admin
            </span>
            <icon-mock
              classname="dataClassArrow pointer"
              fill="#475da7"
            />
          </div>
        </a>
      </div>
      <div
        class="accountNav"
        role="link"
      >
        <a
          class="verticalNavBar gray700-13 nav-link"
          href="/account?tab=datasets"
        >
          <span
            class="ui-Icon emotion-0"
          >
            <icon-mock />
          </span>
          <span
            class="navLinkItem"
          >
            Datasets
          </span>
        </a>
      </div>
      <div
        class="accountNav"
        role="link"
      >
        <a
          class="verticalNavBar gray700-13 nav-link"
          href="/account?tab=datause"
        >
          <span
            class="ui-Icon emotion-0"
          >
            <icon-mock />
          </span>
          <span
            class="navLinkItem"
          >
            Data Uses
          </span>
        </a>
      </div>
      <div
        class="accountNav"
        role="link"
      >
        <a
          class="verticalNavBar gray700-13 nav-link"
          href="/account?tab=teams"
        >
          <span
            class="ui-Icon emotion-0"
          >
            <icon-mock />
          </span>
          <span
            class="navLinkItem"
          >
            Teams
          </span>
        </a>
      </div>
    </div>
  </div>
</div>
`;

exports[`AccountNavMenu Should render correctly for admin section root admin 1`] = `
<div>
  <div
    class="col-sm-12 col-md-2 accountMenuHolder"
  >
    <div
      class="account-menu"
    >
      <div
        class="dropdown"
      >
        <a
          href="#"
        >
          <div
            class="teamSelectorHeader"
          >
            <span
              class="gray700-13"
            >
              HDR Admin
            </span>
            <icon-mock
              classname="dataClassArrow pointer"
              fill="#475da7"
            />
          </div>
        </a>
      </div>
      <div
        class="accountNav"
        role="link"
      >
        <a
          class="verticalNavBar gray700-13 nav-link"
          href="/account?tab=datasets"
        >
          <span
            class="ui-Icon emotion-0"
          >
            <icon-mock />
          </span>
          <span
            class="navLinkItem"
          >
            Datasets
          </span>
        </a>
      </div>
      <div
        class="accountNav"
        role="link"
      >
        <a
          class="verticalNavBar gray700-13 nav-link"
          href="/account?tab=datause"
        >
          <span
            class="ui-Icon emotion-0"
          >
            <icon-mock />
          </span>
          <span
            class="navLinkItem"
          >
            Data Uses
          </span>
        </a>
      </div>
      <div
        class="accountNav"
        role="link"
      >
        <a
          class="verticalNavBar gray700-13 nav-link"
          href="/account?tab=teams"
        >
          <span
            class="ui-Icon emotion-0"
          >
            <icon-mock />
          </span>
          <span
            class="navLinkItem"
          >
            Teams
          </span>
        </a>
      </div>
    </div>
  </div>
</div>
`;

exports[`AccountNavMenu Should render correctly for team section manager 1`] = `
<div>
  <div
    class="col-sm-12 col-md-2 accountMenuHolder"
  >
    <div
      class="account-menu"
    >
      <div
        class="dropdown"
      >
        <a
          href="#"
        >
          <div
            class="teamSelectorHeader"
          >
            <span
              class="gray700-13"
            />
            <icon-mock
              classname="dataClassArrow pointer"
              fill="#475da7"
            />
          </div>
        </a>
      </div>
      <div
        class="accountNav"
        role="link"
      >
        <a
          class="verticalNavBar gray700-13 nav-link"
          href="/account?tab=teamManagement"
        >
          <span
            class="ui-Icon emotion-0"
          >
            <icon-mock />
          </span>
          <span
            class="navLinkItem"
          >
            Team Management
          </span>
        </a>
      </div>
      <div
        class="accountNav"
      >
        <div
          class="accordion"
        >
          <button
            class="verticalNavBar gray700-13 navLinkButton"
            type="button"
            variant="link"
          >
            <span
              class="ui-Icon emotion-0"
            >
              <icon-mock />
            </span>
            <span
              class="navLinkItem"
            >
              Data Uses
            </span>
          </button>
          <div
            class="collapse"
          >
            <div>
              <a
                class="gray700-13  nav-block"
                href="/account?tab=datause"
              >
                <span
                  class="subLinkItem"
                >
                  Dashboard
                </span>
              </a>
            </div>
          </div>
        </div>
      </div>
      <div
        class="accountNav"
        role="link"
      >
        <a
          class="verticalNavBar gray700-13 nav-link"
          href="/account?tab=help"
        >
          <span
            class="ui-Icon emotion-0"
          >
            <icon-mock />
          </span>
          <span
            class="navLinkItem"
          >
            Help
          </span>
        </a>
      </div>
    </div>
  </div>
</div>
`;

exports[`AccountNavMenu Should render correctly for team section metadata editor 1`] = `
<div>
  <div
    class="col-sm-12 col-md-2 accountMenuHolder"
  >
    <div
      class="account-menu"
    >
      <div
        class="dropdown"
      >
        <a
          href="#"
        >
          <div
            class="teamSelectorHeader"
          >
            <span
              class="gray700-13"
            />
            <icon-mock
              classname="dataClassArrow pointer"
              fill="#475da7"
            />
          </div>
        </a>
      </div>
      <div
        class="accountNav"
        role="link"
      >
        <a
          class="verticalNavBar gray700-13 nav-link"
          href="/account?tab=teamManagement"
        >
          <span
            class="ui-Icon emotion-0"
          >
            <icon-mock />
          </span>
          <span
            class="navLinkItem"
          >
            Team Management
          </span>
        </a>
      </div>
      <div
        class="accountNav"
      >
        <div
          class="accordion"
        >
          <button
            class="verticalNavBar gray700-13 navLinkButton"
            type="button"
            variant="link"
          >
            <span
              class="ui-Icon emotion-0"
            >
              <icon-mock />
            </span>
            <span
              class="navLinkItem"
            >
              Data Uses
            </span>
          </button>
          <div
            class="collapse"
          >
            <div>
              <a
                class="gray700-13  nav-block"
                href="/account?tab=datause"
              >
                <span
                  class="subLinkItem"
                >
                  Dashboard
                </span>
              </a>
            </div>
          </div>
        </div>
      </div>
      <div
        class="accountNav"
        role="link"
      >
        <a
          class="verticalNavBar gray700-13 nav-link"
          href="/account?tab=help"
        >
          <span
            class="ui-Icon emotion-0"
          >
            <icon-mock />
          </span>
          <span
            class="navLinkItem"
          >
            Help
          </span>
        </a>
      </div>
    </div>
  </div>
</div>
`;

exports[`AccountNavMenu Should render correctly for team section reviewer 1`] = `
<div>
  <div
    class="col-sm-12 col-md-2 accountMenuHolder"
  >
    <div
      class="account-menu"
    >
      <div
        class="dropdown"
      >
        <a
          href="#"
        >
          <div
            class="teamSelectorHeader"
          >
            <span
              class="gray700-13"
            />
            <icon-mock
              classname="dataClassArrow pointer"
              fill="#475da7"
            />
          </div>
        </a>
      </div>
      <div
        class="accountNav"
        role="link"
      >
        <a
          class="verticalNavBar gray700-13 nav-link"
          href="/account?tab=teamManagement"
        >
          <span
            class="ui-Icon emotion-0"
          >
            <icon-mock />
          </span>
          <span
            class="navLinkItem"
          >
            Team Management
          </span>
        </a>
      </div>
      <div
        class="accountNav"
      >
        <div
          class="accordion"
        >
          <button
            class="verticalNavBar gray700-13 navLinkButton"
            type="button"
            variant="link"
          >
            <span
              class="ui-Icon emotion-0"
            >
              <icon-mock />
            </span>
            <span
              class="navLinkItem"
            >
              Data Uses
            </span>
          </button>
          <div
            class="collapse"
          >
            <div>
              <a
                class="gray700-13  nav-block"
                href="/account?tab=datause"
              >
                <span
                  class="subLinkItem"
                >
                  Dashboard
                </span>
              </a>
            </div>
          </div>
        </div>
      </div>
      <div
        class="accountNav"
        role="link"
      >
        <a
          class="verticalNavBar gray700-13 nav-link"
          href="/account?tab=help"
        >
          <span
            class="ui-Icon emotion-0"
          >
            <icon-mock />
          </span>
          <span
            class="navLinkItem"
          >
            Help
          </span>
        </a>
      </div>
    </div>
  </div>
</div>
`;

exports[`AccountNavMenu Should render correctly for team section root admin 1`] = `
<div>
  <div
    class="col-sm-12 col-md-2 accountMenuHolder"
  >
    <div
      class="account-menu"
    >
      <div
        class="dropdown"
      >
        <a
          href="#"
        >
          <div
            class="teamSelectorHeader"
          >
            <span
              class="gray700-13"
            >
              Bill Murray
            </span>
            <icon-mock
              classname="dataClassArrow pointer"
              fill="#475da7"
            />
          </div>
        </a>
      </div>
      <div
        class="accountNav"
        role="link"
      >
        <a
          class="verticalNavBar gray700-13 nav-link"
          href="/account?tab=teamManagement"
        >
          <span
            class="ui-Icon emotion-0"
          >
            <icon-mock />
          </span>
          <span
            class="navLinkItem"
          >
            Team Management
          </span>
        </a>
      </div>
      <div
        class="accountNav"
      >
        <div
          class="accordion"
        >
          <button
            class="verticalNavBar gray700-13 navLinkButton"
            type="button"
            variant="link"
          >
            <span
              class="ui-Icon emotion-0"
            >
              <icon-mock />
            </span>
            <span
              class="navLinkItem"
            >
              Data Uses
            </span>
          </button>
          <div
            class="collapse"
          >
            <div>
              <a
                class="gray700-13  nav-block"
                href="/account?tab=datause"
              >
                <span
                  class="subLinkItem"
                >
                  Dashboard
                </span>
              </a>
            </div>
          </div>
        </div>
      </div>
      <div
        class="accountNav"
        role="link"
      >
        <a
          class="verticalNavBar gray700-13 nav-link"
          href="/account?tab=help"
        >
          <span
            class="ui-Icon emotion-0"
          >
            <icon-mock />
          </span>
          <span
            class="navLinkItem"
          >
            Help
          </span>
        </a>
      </div>
    </div>
  </div>
</div>
`;

exports[`AccountNavMenu Should render correctly for user section manager 1`] = `
<div>
  <div
    class="col-sm-12 col-md-2 accountMenuHolder"
  >
    <div
      class="account-menu"
    >
      <div
        class="dropdown"
      >
        <a
          href="#"
        >
          <div
            class="teamSelectorHeader"
          >
            <span
              class="gray700-13"
            />
            <icon-mock
              classname="dataClassArrow pointer"
              fill="#475da7"
            />
          </div>
        </a>
      </div>
      <div
        class="accountNav"
        role="link"
      >
        <a
          class="verticalNavBar gray700-13 nav-link"
          href="/account?tab=dashboard"
        >
          <span
            class="ui-Icon emotion-0"
          >
            <icon-mock />
          </span>
          <span
            class="navLinkItem"
          >
            Dashboard
          </span>
        </a>
      </div>
      <div
        class="activeCard"
        role="link"
      >
        <a
          class="verticalNavBar gray700-13 nav-link"
          href="/account?tab=youraccount"
        >
          <span
            class="ui-Icon emotion-0"
          >
            <icon-mock />
          </span>
          <span
            class="navLinkItem"
          >
            Account
          </span>
        </a>
      </div>
      <div
        class="accountNav"
        role="link"
      >
        <a
          class="verticalNavBar gray700-13 nav-link"
          href="/account?tab=tools"
        >
          <span
            class="ui-Icon emotion-0"
          >
            <icon-mock />
          </span>
          <span
            class="navLinkItem"
          >
            Tools
          </span>
        </a>
      </div>
      <div
        class="accountNav"
        role="link"
      >
        <a
          class="verticalNavBar gray700-13 nav-link"
          href="/account?tab=reviews"
        >
          <span
            class="ui-Icon emotion-0"
          >
            <icon-mock />
          </span>
          <span
            class="navLinkItem"
          >
            Reviews
          </span>
        </a>
      </div>
      <div
        class="accountNav"
        role="link"
      >
        <a
          class="verticalNavBar gray700-13 nav-link"
          href="/account?tab=datause"
        >
          <span
            class="ui-Icon emotion-0"
          >
            <icon-mock />
          </span>
          <span
            class="navLinkItem"
          >
            Data Uses
          </span>
        </a>
      </div>
      <div
        class="accountNav"
        role="link"
      >
        <a
          class="verticalNavBar gray700-13 nav-link"
          href="/account?tab=papers"
        >
          <span
            class="ui-Icon emotion-0"
          >
            <icon-mock />
          </span>
          <span
            class="navLinkItem"
          >
            Papers
          </span>
        </a>
      </div>
      <div
        class="accountNav"
        role="link"
      >
        <a
          class="verticalNavBar gray700-13 nav-link"
          href="/account?tab=courses"
        >
          <span
            class="ui-Icon emotion-0"
          >
            <icon-mock />
          </span>
          <span
            class="navLinkItem"
          >
            Courses
          </span>
        </a>
      </div>
      <div
        class="accountNav"
        role="link"
      >
        <a
          class="verticalNavBar gray700-13 nav-link"
          href="/account?tab=dataaccessrequests"
        >
          <span
            class="ui-Icon emotion-0"
          >
            <icon-mock />
          </span>
          <span
            class="navLinkItem"
          >
            Data access requests
          </span>
        </a>
      </div>
      <div
        class="accountNav"
        role="link"
      >
        <a
          class="verticalNavBar gray700-13 nav-link"
          href="/account?tab=collections"
        >
          <span
            class="ui-Icon emotion-0"
          >
            <icon-mock />
          </span>
          <span
            class="navLinkItem"
          >
            Collections
          </span>
        </a>
      </div>
    </div>
  </div>
</div>
`;

exports[`AccountNavMenu Should render correctly for user section metadata editor 1`] = `
<div>
  <div
    class="col-sm-12 col-md-2 accountMenuHolder"
  >
    <div
      class="account-menu"
    >
      <div
        class="dropdown"
      >
        <a
          href="#"
        >
          <div
            class="teamSelectorHeader"
          >
            <span
              class="gray700-13"
            />
            <icon-mock
              classname="dataClassArrow pointer"
              fill="#475da7"
            />
          </div>
        </a>
      </div>
      <div
        class="accountNav"
        role="link"
      >
        <a
          class="verticalNavBar gray700-13 nav-link"
          href="/account?tab=dashboard"
        >
          <span
            class="ui-Icon emotion-0"
          >
            <icon-mock />
          </span>
          <span
            class="navLinkItem"
          >
            Dashboard
          </span>
        </a>
      </div>
      <div
        class="activeCard"
        role="link"
      >
        <a
          class="verticalNavBar gray700-13 nav-link"
          href="/account?tab=youraccount"
        >
          <span
            class="ui-Icon emotion-0"
          >
            <icon-mock />
          </span>
          <span
            class="navLinkItem"
          >
            Account
          </span>
        </a>
      </div>
      <div
        class="accountNav"
        role="link"
      >
        <a
          class="verticalNavBar gray700-13 nav-link"
          href="/account?tab=tools"
        >
          <span
            class="ui-Icon emotion-0"
          >
            <icon-mock />
          </span>
          <span
            class="navLinkItem"
          >
            Tools
          </span>
        </a>
      </div>
      <div
        class="accountNav"
        role="link"
      >
        <a
          class="verticalNavBar gray700-13 nav-link"
          href="/account?tab=reviews"
        >
          <span
            class="ui-Icon emotion-0"
          >
            <icon-mock />
          </span>
          <span
            class="navLinkItem"
          >
            Reviews
          </span>
        </a>
      </div>
      <div
        class="accountNav"
        role="link"
      >
        <a
          class="verticalNavBar gray700-13 nav-link"
          href="/account?tab=datause"
        >
          <span
            class="ui-Icon emotion-0"
          >
            <icon-mock />
          </span>
          <span
            class="navLinkItem"
          >
            Data Uses
          </span>
        </a>
      </div>
      <div
        class="accountNav"
        role="link"
      >
        <a
          class="verticalNavBar gray700-13 nav-link"
          href="/account?tab=papers"
        >
          <span
            class="ui-Icon emotion-0"
          >
            <icon-mock />
          </span>
          <span
            class="navLinkItem"
          >
            Papers
          </span>
        </a>
      </div>
      <div
        class="accountNav"
        role="link"
      >
        <a
          class="verticalNavBar gray700-13 nav-link"
          href="/account?tab=courses"
        >
          <span
            class="ui-Icon emotion-0"
          >
            <icon-mock />
          </span>
          <span
            class="navLinkItem"
          >
            Courses
          </span>
        </a>
      </div>
      <div
        class="accountNav"
        role="link"
      >
        <a
          class="verticalNavBar gray700-13 nav-link"
          href="/account?tab=dataaccessrequests"
        >
          <span
            class="ui-Icon emotion-0"
          >
            <icon-mock />
          </span>
          <span
            class="navLinkItem"
          >
            Data access requests
          </span>
        </a>
      </div>
      <div
        class="accountNav"
        role="link"
      >
        <a
          class="verticalNavBar gray700-13 nav-link"
          href="/account?tab=collections"
        >
          <span
            class="ui-Icon emotion-0"
          >
            <icon-mock />
          </span>
          <span
            class="navLinkItem"
          >
            Collections
          </span>
        </a>
      </div>
    </div>
  </div>
</div>
`;

exports[`AccountNavMenu Should render correctly for user section reviewer 1`] = `
<div>
  <div
    class="col-sm-12 col-md-2 accountMenuHolder"
  >
    <div
      class="account-menu"
    >
      <div
        class="dropdown"
      >
        <a
          href="#"
        >
          <div
            class="teamSelectorHeader"
          >
            <span
              class="gray700-13"
            />
            <icon-mock
              classname="dataClassArrow pointer"
              fill="#475da7"
            />
          </div>
        </a>
      </div>
      <div
        class="accountNav"
        role="link"
      >
        <a
          class="verticalNavBar gray700-13 nav-link"
          href="/account?tab=dashboard"
        >
          <span
            class="ui-Icon emotion-0"
          >
            <icon-mock />
          </span>
          <span
            class="navLinkItem"
          >
            Dashboard
          </span>
        </a>
      </div>
      <div
        class="activeCard"
        role="link"
      >
        <a
          class="verticalNavBar gray700-13 nav-link"
          href="/account?tab=youraccount"
        >
          <span
            class="ui-Icon emotion-0"
          >
            <icon-mock />
          </span>
          <span
            class="navLinkItem"
          >
            Account
          </span>
        </a>
      </div>
      <div
        class="accountNav"
        role="link"
      >
        <a
          class="verticalNavBar gray700-13 nav-link"
          href="/account?tab=tools"
        >
          <span
            class="ui-Icon emotion-0"
          >
            <icon-mock />
          </span>
          <span
            class="navLinkItem"
          >
            Tools
          </span>
        </a>
      </div>
      <div
        class="accountNav"
        role="link"
      >
        <a
          class="verticalNavBar gray700-13 nav-link"
          href="/account?tab=reviews"
        >
          <span
            class="ui-Icon emotion-0"
          >
            <icon-mock />
          </span>
          <span
            class="navLinkItem"
          >
            Reviews
          </span>
        </a>
      </div>
      <div
        class="accountNav"
        role="link"
      >
        <a
          class="verticalNavBar gray700-13 nav-link"
          href="/account?tab=datause"
        >
          <span
            class="ui-Icon emotion-0"
          >
            <icon-mock />
          </span>
          <span
            class="navLinkItem"
          >
            Data Uses
          </span>
        </a>
      </div>
      <div
        class="accountNav"
        role="link"
      >
        <a
          class="verticalNavBar gray700-13 nav-link"
          href="/account?tab=papers"
        >
          <span
            class="ui-Icon emotion-0"
          >
            <icon-mock />
          </span>
          <span
            class="navLinkItem"
          >
            Papers
          </span>
        </a>
      </div>
      <div
        class="accountNav"
        role="link"
      >
        <a
          class="verticalNavBar gray700-13 nav-link"
          href="/account?tab=courses"
        >
          <span
            class="ui-Icon emotion-0"
          >
            <icon-mock />
          </span>
          <span
            class="navLinkItem"
          >
            Courses
          </span>
        </a>
      </div>
      <div
        class="accountNav"
        role="link"
      >
        <a
          class="verticalNavBar gray700-13 nav-link"
          href="/account?tab=dataaccessrequests"
        >
          <span
            class="ui-Icon emotion-0"
          >
            <icon-mock />
          </span>
          <span
            class="navLinkItem"
          >
            Data access requests
          </span>
        </a>
      </div>
      <div
        class="accountNav"
        role="link"
      >
        <a
          class="verticalNavBar gray700-13 nav-link"
          href="/account?tab=collections"
        >
          <span
            class="ui-Icon emotion-0"
          >
            <icon-mock />
          </span>
          <span
            class="navLinkItem"
          >
            Collections
          </span>
        </a>
      </div>
    </div>
  </div>
</div>
`;

exports[`AccountNavMenu Should render correctly for user section root admin 1`] = `
<div>
  <div
    class="col-sm-12 col-md-2 accountMenuHolder"
  >
    <div
      class="account-menu"
    >
      <div
        class="dropdown"
      >
        <a
          href="#"
        >
          <div
            class="teamSelectorHeader"
          >
            <span
              class="gray700-13"
            >
              Bill Murray
            </span>
            <icon-mock
              classname="dataClassArrow pointer"
              fill="#475da7"
            />
          </div>
        </a>
      </div>
      <div
        class="accountNav"
        role="link"
      >
        <a
          class="verticalNavBar gray700-13 nav-link"
          href="/account?tab=dashboard"
        >
          <span
            class="ui-Icon emotion-0"
          >
            <icon-mock />
          </span>
          <span
            class="navLinkItem"
          >
            Dashboard
          </span>
        </a>
      </div>
      <div
        class="activeCard"
        role="link"
      >
        <a
          class="verticalNavBar gray700-13 nav-link"
          href="/account?tab=youraccount"
        >
          <span
            class="ui-Icon emotion-0"
          >
            <icon-mock />
          </span>
          <span
            class="navLinkItem"
          >
            Account
          </span>
        </a>
      </div>
      <div
        class="accountNav"
        role="link"
      >
        <a
          class="verticalNavBar gray700-13 nav-link"
          href="/account?tab=tools"
        >
          <span
            class="ui-Icon emotion-0"
          >
            <icon-mock />
          </span>
          <span
            class="navLinkItem"
          >
            Tools
          </span>
        </a>
      </div>
      <div
        class="accountNav"
        role="link"
      >
        <a
          class="verticalNavBar gray700-13 nav-link"
          href="/account?tab=reviews"
        >
          <span
            class="ui-Icon emotion-0"
          >
            <icon-mock />
          </span>
          <span
            class="navLinkItem"
          >
            Reviews
          </span>
        </a>
      </div>
      <div
        class="accountNav"
        role="link"
      >
        <a
          class="verticalNavBar gray700-13 nav-link"
          href="/account?tab=datause"
        >
          <span
            class="ui-Icon emotion-0"
          >
            <icon-mock />
          </span>
          <span
            class="navLinkItem"
          >
            Data Uses
          </span>
        </a>
      </div>
      <div
        class="accountNav"
        role="link"
      >
        <a
          class="verticalNavBar gray700-13 nav-link"
          href="/account?tab=papers"
        >
          <span
            class="ui-Icon emotion-0"
          >
            <icon-mock />
          </span>
          <span
            class="navLinkItem"
          >
            Papers
          </span>
        </a>
      </div>
      <div
        class="accountNav"
        role="link"
      >
        <a
          class="verticalNavBar gray700-13 nav-link"
          href="/account?tab=courses"
        >
          <span
            class="ui-Icon emotion-0"
          >
            <icon-mock />
          </span>
          <span
            class="navLinkItem"
          >
            Courses
          </span>
        </a>
      </div>
      <div
        class="accountNav"
        role="link"
      >
        <a
          class="verticalNavBar gray700-13 nav-link"
          href="/account?tab=dataaccessrequests"
        >
          <span
            class="ui-Icon emotion-0"
          >
            <icon-mock />
          </span>
          <span
            class="navLinkItem"
          >
            Data access requests
          </span>
        </a>
      </div>
      <div
        class="accountNav"
        role="link"
      >
        <a
          class="verticalNavBar gray700-13 nav-link"
          href="/account?tab=collections"
        >
          <span
            class="ui-Icon emotion-0"
          >
            <icon-mock />
          </span>
          <span
            class="navLinkItem"
          >
            Collections
          </span>
        </a>
      </div>
      <div
        class="accountNav"
        role="link"
      >
        <a
          class="verticalNavBar gray700-13 nav-link"
          href="/account?tab=usersroles"
        >
          <span
            class="ui-Icon emotion-0"
          >
            <icon-mock />
          </span>
          <span
            class="navLinkItem"
          >
            Users and roles
          </span>
        </a>
      </div>
    </div>
  </div>
</div>
`;
