// Jest Snapshot v1, https://goo.gl/fbAQLP

exports[`CheckboxRow should render component 1`] = `
<div>
  <div
    class="MuiBox-root mui-style-106jpu6"
  >
    <p
      class="MuiTypography-root MuiTypography-body1 mui-style-12uetcm-MuiTypography-root"
    >
      Name
    </p>
    <div
      class="MuiFormControl-root MuiFormControl-fullWidth mui-style-2dhluk-MuiFormControl-root"
    >
      <label
        class="MuiFormControlLabel-root MuiFormControlLabel-labelPlacementEnd mui-style-1mbnhdb-MuiFormControlLabel-root"
      >
        <span
          class="MuiButtonBase-root MuiCheckbox-root MuiCheckbox-colorSecondary MuiCheckbox-sizeMedium PrivateSwitchBase-root MuiCheckbox-root MuiCheckbox-colorSecondary MuiCheckbox-sizeMedium MuiCheckbox-root MuiCheckbox-colorSecondary MuiCheckbox-sizeMedium mui-style-1kn6ueq-MuiButtonBase-root-MuiCheckbox-root"
        >
          <input
            class="PrivateSwitchBase-input mui-style-1m9pwf3"
            data-indeterminate="false"
            name="fieldName"
            type="checkbox"
          />
          <span
            class="mui-style-f6vn6k"
            font-size="medium"
          />
        </span>
        <span
          class="MuiTypography-root MuiTypography-body1 MuiFormControlLabel-label mui-style-1t8ylhr-MuiTypography-root"
        >
          checkbox label
        </span>
      </label>
    </div>
  </div>
</div>
`;
