// Jest Snapshot v1, https://goo.gl/fbAQLP

exports[`EllipsisLineLimit should render component 1`] = `
<div>
  <p
    class="MuiTypography-root MuiTypography-body1 mui-style-yyl2fl-MuiTypography-root"
  >
    Cras ut sem eu ligula tincidunt aliquet. Lorem ipsum dolor sit amet. Nullam maximus risus et pharetra fringill. Suspendisse porttitor tortor et lectus pulvinar
  </p>
</div>
`;
