// Jest Snapshot v1, https://goo.gl/fbAQLP

exports[`Give a FilterTree component When it is rendered Then matches the previous snapshot 1`] = `
<div>
  <div
    class="css-1fe7u86 ui-CheckboxTree css-4kcmtq-CheckboxTree"
  >
    <div
      class="react-checkbox-tree rct-icons-fa4"
      id="rct-ys35LVU8x3shv-TS6g57v"
    >
      <ol>
        <li
          class="rct-node rct-node-parent rct-node-expanded"
        >
          <span
            class="rct-text"
          >
            <button
              aria-label="Toggle"
              class="rct-collapse rct-collapse-btn"
              title="Toggle"
              type="button"
            />
            <label
              for="rct-ys35LVU8x3shv-TS6g57v-UK"
            >
              <input
                checked=""
                id="rct-ys35LVU8x3shv-TS6g57v-UK"
                type="checkbox"
              />
              <span
                aria-checked="true"
                aria-disabled="false"
                class="rct-checkbox"
                role="checkbox"
                tabindex="0"
              >
                <span
                  class="rct-icon rct-icon-check"
                />
              </span>
              <span
                class="rct-node-icon"
              />
              <span
                class="rct-title"
              >
                UK
              </span>
            </label>
          </span>
          <ol>
            <li
              class="rct-node rct-node-leaf"
            >
              <span
                class="rct-text"
              >
                <span
                  class="rct-collapse"
                >
                  <span
                    class="rct-icon"
                  />
                </span>
                <label
                  for="rct-ys35LVU8x3shv-TS6g57v-UK,_Wales"
                >
                  <input
                    checked=""
                    id="rct-ys35LVU8x3shv-TS6g57v-UK,_Wales"
                    type="checkbox"
                  />
                  <span
                    aria-checked="true"
                    aria-disabled="false"
                    class="rct-checkbox"
                    role="checkbox"
                    tabindex="0"
                  >
                    <span
                      class="rct-icon rct-icon-check"
                    />
                  </span>
                  <span
                    class="rct-node-icon"
                  />
                  <span
                    class="rct-title"
                  >
                    Wales
                  </span>
                </label>
              </span>
            </li>
          </ol>
        </li>
        <li
          class="rct-node rct-node-leaf"
        >
          <span
            class="rct-text"
          >
            <span
              class="rct-collapse"
            >
              <span
                class="rct-icon"
              />
            </span>
            <label
              for="rct-ys35LVU8x3shv-TS6g57v-India"
            >
              <input
                id="rct-ys35LVU8x3shv-TS6g57v-India"
                type="checkbox"
              />
              <span
                aria-checked="false"
                aria-disabled="false"
                class="rct-checkbox"
                role="checkbox"
                tabindex="0"
              >
                <span
                  class="rct-icon rct-icon-uncheck"
                />
              </span>
              <span
                class="rct-node-icon"
              />
              <span
                class="rct-title"
              >
                <span
                  class="checkbox-text"
                >
                  India
                </span>
              </span>
            </label>
          </span>
        </li>
        <li
          class="rct-node rct-node-leaf"
        >
          <span
            class="rct-text"
          >
            <span
              class="rct-collapse"
            >
              <span
                class="rct-icon"
              />
            </span>
            <label
              for="rct-ys35LVU8x3shv-TS6g57v-International"
            >
              <input
                id="rct-ys35LVU8x3shv-TS6g57v-International"
                type="checkbox"
              />
              <span
                aria-checked="false"
                aria-disabled="false"
                class="rct-checkbox"
                role="checkbox"
                tabindex="0"
              >
                <span
                  class="rct-icon rct-icon-uncheck"
                />
              </span>
              <span
                class="rct-node-icon"
              />
              <span
                class="rct-title"
              >
                <span
                  class="checkbox-text"
                >
                  International
                </span>
              </span>
            </label>
          </span>
        </li>
        <li
          class="rct-node rct-node-leaf"
        >
          <span
            class="rct-text"
          >
            <span
              class="rct-collapse"
            >
              <span
                class="rct-icon"
              />
            </span>
            <label
              for="rct-ys35LVU8x3shv-TS6g57v-Worldwide"
            >
              <input
                id="rct-ys35LVU8x3shv-TS6g57v-Worldwide"
                type="checkbox"
              />
              <span
                aria-checked="false"
                aria-disabled="false"
                class="rct-checkbox"
                role="checkbox"
                tabindex="0"
              >
                <span
                  class="rct-icon rct-icon-uncheck"
                />
              </span>
              <span
                class="rct-node-icon"
              />
              <span
                class="rct-title"
              >
                <span
                  class="checkbox-text"
                >
                  Worldwide
                </span>
              </span>
            </label>
          </span>
        </li>
      </ol>
    </div>
  </div>
</div>
`;
