// Jest Snapshot v1, https://goo.gl/fbAQLP

exports[`Given the SortDropdown component When it is rendered Then matches the previous snapshot 1`] = `
<div>
  <div
    class="ui-SortDropdown css-1sivg29 css-16k9oib-SortDropdown"
  >
    <div
      class="ui-Dropdown css-1sivg29 css-1quv89l-SortDropdown show dropdown"
    >
      <button
        aria-expanded="true"
        aria-haspopup="true"
        class="dropdown-toggle btn btn-primary"
        type="button"
      />
      <div
        aria-labelledby=""
        class="dropdown-menu show"
        data-popper-escaped="true"
        data-popper-placement="bottom-start"
        data-popper-reference-hidden="true"
        style="position: absolute; top: 0px; left: 0px; margin: 0px; transform: translate(0px, 0px);"
        x-placement="bottom-start"
      >
        <a
          class="d-flex dropdown-item"
          href="#"
          role="button"
        >
          <div
            class="flex-grow"
          >
            Match to search terms (closest first)
          </div>
        </a>
        <a
          class="d-flex dropdown-item"
          href="#"
          role="button"
        >
          <div
            class="flex-grow"
          >
            Recently added to collection (newest first)
          </div>
        </a>
      </div>
    </div>
  </div>
</div>
`;

exports[`Given the SortDropdown component When it is rendered When it allows sort direction Then matches the previous snapshot 1`] = `
<div>
  <div
    class="ui-SortDropdown css-1sivg29 css-16k9oib-SortDropdown"
  >
    <div
      class="ui-Dropdown css-1sivg29 css-1quv89l-SortDropdown dropdown"
    >
      <button
        aria-expanded="false"
        aria-haspopup="true"
        class="dropdown-toggle btn btn-primary"
        type="button"
      />
    </div>
    <button
      class="css-11u46hl-SortDropdown btn btn-link"
      ml="2"
      type="button"
    >
      <span
        class="ui-SortDropdown__asc"
      />
    </button>
  </div>
</div>
`;
