// Jest Snapshot v1, https://goo.gl/fbAQLP

exports[`Given the Textarea component When it is rendered Then matches the previous snapshot 1`] = `
<div>
  <div
    class="ui-Box emotion-0"
  >
    <div
      class="ui-Textarea additional-classname emotion-1 form-group"
    >
      <label
        class="emotion-2 form-label"
      >
        Sample label
      </label>
      <div
        class="emotion-3 input-group"
      >
        <div
          class="ui-TextArea__charCount emotion-4"
        >
          11
           
          sample description
          <span
            class="emotion-5"
          >
             
            (
            11
            /
            255
            )
          </span>
        </div>
        <textarea
          class="form-control"
        />
      </div>
    </div>
  </div>
</div>
`;
