// Jest Snapshot v1, https://goo.gl/fbAQLP

exports[`Given the Textarea component When it is rendered Then matches the previous snapshot 1`] = `
<div>
  <div
    class="ui-Box css-ichth-B"
  >
    <div
      class="ui-Textarea additional-classname css-1r4a1n6-Textarea form-group"
    >
      <label
        class="css-8ro76h-Textarea form-label"
      >
        Sample label
      </label>
      <div
        class="css-v8dvh9-Textarea input-group"
      >
        <div
          class="ui-TextArea__charCount css-25vzsz-Textarea"
        >
          11
           
          sample description
          <span
            class="css-ghohkr-Textarea"
          >
             
            (
            11
            /
            255
            )
          </span>
        </div>
        <textarea
          class="form-control"
        />
      </div>
    </div>
  </div>
</div>
`;
