// Jest Snapshot v1, https://goo.gl/fbAQLP

exports[`Given the Switch component When it is rendered Then matches the previous snapshot 1`] = `
<div>
  <label
    class="additional-classname css-1tuhzuv ui-Switch css-cfh2l4-Switch"
    for="sampleLabel"
  >
    <input
      id="sampleLabel"
      type="checkbox"
      value="sampelValue"
      variant="primary"
    />
    <span
      class="ui-SwitchControl"
    >
      <span>
        Sample label
      </span>
    </span>
  </label>
</div>
`;
