// Jest Snapshot v1, https://goo.gl/fbAQLP

exports[`Given the Switch component When it is rendered Then matches the previous snapshot 1`] = `
<div>
  <label
    class="additional-classname emotion-0 ui-Switch emotion-1"
    for="sampleLabel"
  >
    <input
      id="sampleLabel"
      type="checkbox"
      value="sampelValue"
      variant="primary"
    />
    <div
      class="ui-SwitchControl"
    >
      <div>
        Sample label
      </div>
    </div>
  </label>
</div>
`;
