// Jest Snapshot v1, https://goo.gl/fbAQLP

exports[`Given the AdvancedSearchCohortDiscovery component When it is rendered And the action is clicked Then matches the previous snapshot 1`] = `
<div>
  <div
    class="ui-Card ui-FeatureContentVertical emotion-0"
    role="article"
  >
    <div
      class="ui-CardBody emotion-1"
    >
      <div
        class="emotion-2"
      >
        <h5
          class="ui-Typography emotion-3"
        >
          <div
            class="ui-Box emotion-4"
          >
            <div
              class="ui-Box emotion-4"
            >
              <div
                class="ui-Box emotion-4"
              >
                Cohort Discovery
              </div>
              <span
                class="ui-Tag emotion-7"
              >
                BETA
              </span>
            </div>
          </div>
        </h5>
        <div
          class="emotion-8"
        >
          <img
            alt="Cohort Discovery feature image"
            src="https://web.old.healthdatagateway.org/"
          />
        </div>
        <div
          class="ui-Box emotion-4"
        >
          <p
            class="ui-Typography emotion-10"
          >
            Search to find cohorts in pseudonymised datasets based on characteristics such as disease, age, location. Available for a limited number of datasets, with more being added regularly.
          </p>
        </div>
        <div
          class="ui-Box emotion-4"
        >
          <button
            class="ui-Button emotion-12"
            type="button"
          >
             
            Sign in to use Cohort Discovery
             
          </button>
          <a
            href="https://www.healthdatagateway.org/about/cohort-discovery"
            rel="noreferrer"
            target="_blank"
          >
            <p
              class="ui-Typography emotion-10"
            >
              Learn more
            </p>
          </a>
        </div>
      </div>
    </div>
  </div>
  <button>
    Yes, I agree
  </button>
</div>
`;
