// Jest Snapshot v1, https://goo.gl/fbAQLP

exports[`FormLegend should render legend 1`] = `
<div>
  <div
    class="MuiBox-root mui-style-171zbuw"
    offsettop="initial"
  >
    <div
      class="MuiButtonBase-root MuiListItemButton-root MuiListItemButton-gutters MuiListItemButton-root MuiListItemButton-gutters mui-style-1hhp30x-MuiButtonBase-root-MuiListItemButton-root"
      role="button"
      tabindex="0"
    >
      <span
        class="mui-style-8tkev2"
      >
        <svg
          aria-hidden="true"
          class="MuiSvgIcon-root MuiSvgIcon-fontSizeMedium mui-style-i4bv87-MuiSvgIcon-root"
          data-testid="CheckIcon"
          focusable="false"
          viewBox="0 0 24 24"
        >
          <path
            d="M9 16.17 4.83 12l-1.42 1.41L9 19 21 7l-1.41-1.41z"
          />
        </svg>
      </span>
      <p
        class="MuiTypography-root MuiTypography-body1 mui-style-1t8ylhr-MuiTypography-root"
      >
        Item1
      </p>
      <span
        class="MuiTouchRipple-root mui-style-8je8zh-MuiTouchRipple-root"
      />
    </div>
  </div>
</div>
`;
