// Jest Snapshot v1, https://goo.gl/fbAQLP

exports[`Given the TeamGatewayNotificationEmails component When it is rendered and isManager is true Should match the snapshot 1`] = `
<div>
  <div
    class="tm-notification"
  >
    <div
      class="tm-switch"
    >
      <div
        class="react-switch"
        style="position: relative; display: inline-block; text-align: left; opacity: 1; direction: ltr; border-radius: 12px; transition: opacity 0.25s; user-select: none;"
      >
        <div
          class="react-switch-bg"
          style="height: 24px; width: 48px; margin: 0px; position: relative; background: rgb(0, 136, 0); border-radius: 12px; cursor: pointer; transition: background 0.25s;"
        />
        <div
          class="react-switch-handle"
          style="height: 22px; width: 22px; background: rgb(255, 255, 255); display: inline-block; cursor: pointer; border-radius: 50%; position: absolute; transform: translateX(25px); top: 1px; outline: 0; border: 0px; transition: background-color 0.25s, transform 0.25s, box-shadow 0.15s;"
        />
        <input
          aria-checked="true"
          checked=""
          data-testid="notify-team-email"
          id="dataAccessRequest"
          role="switch"
          style="border: 0px; height: 1px; margin: -1px; overflow: hidden; padding: 0px; position: absolute; width: 1px;"
          type="checkbox"
        />
      </div>
    </div>
    <div
      class="tm-title"
    >
      <div
        class="black-16-semibold"
      >
        Send email notifications to team email address
      </div>
    </div>
  </div>
</div>
`;
