// Jest Snapshot v1, https://goo.gl/fbAQLP

exports[`Given the Alert component When it is rendered Then matches the previous snapshot 1`] = `
<div>
  <a
    class="ui-LayoutBox ui-Cta css-2vl842-Cta css-ukenqf"
  >
    <span
      class="ui-Icon css-rm889d css-j9cl-Icon"
    >
      <span>
        Left
      </span>
    </span>
     
    Content
     
    <span
      class="ui-Icon css-rm889d css-j9cl-Icon"
    >
      <span>
        Right
      </span>
    </span>
  </a>
</div>
`;
