// Jest Snapshot v1, https://goo.gl/fbAQLP

exports[`Given the Alert component When it is rendered Then matches the previous snapshot 1`] = `
<div>
  <a
    class="ui-Box ui-Cta additional-classname emotion-0"
  >
    <span
      class="ui-Icon emotion-1 emotion-2"
    >
      <span>
        Left
      </span>
    </span>
     
    Content
     
    <span
      class="ui-Icon emotion-1 emotion-2"
    >
      <span>
        Right
      </span>
    </span>
  </a>
</div>
`;
