// Jest Snapshot v1, https://goo.gl/fbAQLP

exports[`Given the ActivityLogCard component When it is rendered Then matches the previous snapshot 1`] = `
<div>
  <div
    class="row"
  >
    <div
      class="col-md-12"
    >
      <div
        class="layoutCard"
      >
        <div
          class="css-gpcc7p-ActivityLogCard"
        >
          <div
            class="css-1yp9lh7-ActivityLogCard row"
          >
            <div
              class="col-lg-6 col-sm-6"
              data-testid="version-title"
            >
              <h1>
                Version 2
              </h1>
              <span
                class="gray800-14"
              >
                Submitted 8 November 2021
              </span>
            </div>
            <div
              class="col-lg-6 col-sm-6"
            >
              <span
                class="css-13wuk88-ActivityLogCard"
                data-testid="status"
              >
                <div
                  class="sla sla-green"
                >
                  Live
                </div>
              </span>
            </div>
          </div>
          <div>
            <h3
              class="mb-3"
            >
              8 November 2021
            </h3>
            <div
              class="ui-Box css-672p6m"
            >
              <ul
                class="ui-Timeline css-1q9wqza-Timeline"
              >
                <li
                  class="css-6kixhu-Timeline"
                >
                  <div
                    class="css-g885vc-Timeline"
                  >
                    <div
                      class="timeline-icon css-fzwd7m-Timeline"
                    >
                      <div>
                        <img
                          alt="Icon"
                          data-testid="0-datasetVersionApproved"
                          src="[object Object]"
                        />
                      </div>
                    </div>
                    <div
                      class="css-1l50hzm-Timeline"
                    >
                      <time
                        data-testid="event-time-0"
                        datetime="14:50"
                      >
                        14:50
                      </time>
                    </div>
                  </div>
                  <div
                    class="css-u46oo6-Timeline"
                  >
                    <div>
                      <div
                        class="mb-3"
                      >
                        <b>
                          Version 2
                        </b>
                         of this dataset been approved by admin 
                        <b>
                          Callum Reekie
                        </b>
                      </div>
                      <div
                        class="ui-Box css-672p6m"
                      >
                        <blockquote
                          class="ui-Blockquote css-2npyuv-BlockQuote"
                        >
                          <h6
                            class="mb-3 gray800"
                          >
                            comment
                          </h6>
                          <p
                            class="mb-0"
                          >
                            Approved with minor changes!
                          </p>
                        </blockquote>
                      </div>
                    </div>
                  </div>
                </li>
                <li
                  class="css-6kixhu-Timeline"
                >
                  <div
                    class="css-g885vc-Timeline"
                  >
                    <div
                      class="timeline-icon css-fzwd7m-Timeline"
                    >
                      <div>
                        <img
                          alt="Icon"
                          data-testid="1-datasetUpdatesSubmitted"
                          src="[object Object]"
                        />
                      </div>
                    </div>
                    <div
                      class="css-1l50hzm-Timeline"
                    >
                      <time
                        data-testid="event-time-1"
                        datetime="14:50"
                      >
                        14:50
                      </time>
                    </div>
                  </div>
                  <div
                    class="css-u46oo6-Timeline"
                  >
                    <div>
                      <div
                        class="mb-3"
                      >
                        <b>
                          Updates submitted
                        </b>
                         by data custodian 
                        <b>
                          Callum Reekie
                        </b>
                      </div>
                      <div
                        data-testid="event-detailed-text-1-0"
                      >
                        <div
                          class="ui-Box css-672p6m"
                        >
                          <blockquote
                            class="ui-Blockquote css-2npyuv-BlockQuote"
                          >
                            <h6
                              class="mb-3 gray800"
                            >
                              Summary
                            </h6>
                            <div
                              class="ui-Box css-672p6m"
                            >
                              <ul
                                class="ui-ListInfo css-10bz5jl-ListInfo"
                              >
                                <li
                                  class="css-91yyrw-ListInfo"
                                >
                                  <div
                                    class="css-t8jsbp-ListInfo"
                                  >
                                    Question
                                  </div>
                                  <div>
                                    Abstract
                                  </div>
                                </li>
                                <li
                                  class="css-91yyrw-ListInfo"
                                >
                                  <div
                                    class="css-t8jsbp-ListInfo"
                                  >
                                    Previous answer
                                  </div>
                                  <div>
                                    test
                                  </div>
                                </li>
                                <li
                                  class="css-91yyrw-ListInfo"
                                >
                                  <div
                                    class="css-t8jsbp-ListInfo"
                                  >
                                    Updated answer
                                  </div>
                                  <div>
                                    I have changed the abstract!
                                  </div>
                                </li>
                              </ul>
                            </div>
                          </blockquote>
                        </div>
                      </div>
                      <div
                        data-testid="event-detailed-text-1-1"
                      >
                        <div
                          class="ui-Box css-672p6m"
                        >
                          <blockquote
                            class="ui-Blockquote css-2npyuv-BlockQuote"
                          >
                            <h6
                              class="mb-3 gray800"
                            >
                              Provenance | Temporal
                            </h6>
                            <div
                              class="ui-Box css-672p6m"
                            >
                              <ul
                                class="ui-ListInfo css-10bz5jl-ListInfo"
                              >
                                <li
                                  class="css-91yyrw-ListInfo"
                                >
                                  <div
                                    class="css-t8jsbp-ListInfo"
                                  >
                                    Question
                                  </div>
                                  <div>
                                    Distribution Release Date
                                  </div>
                                </li>
                                <li
                                  class="css-91yyrw-ListInfo"
                                >
                                  <div
                                    class="css-t8jsbp-ListInfo"
                                  >
                                    Previous answer
                                  </div>
                                  <div />
                                </li>
                                <li
                                  class="css-91yyrw-ListInfo"
                                >
                                  <div
                                    class="css-t8jsbp-ListInfo"
                                  >
                                    Updated answer
                                  </div>
                                  <div>
                                    02/11/2021
                                  </div>
                                </li>
                              </ul>
                            </div>
                          </blockquote>
                        </div>
                      </div>
                    </div>
                  </div>
                </li>
                <li
                  class="css-6kixhu-Timeline"
                >
                  <div
                    class="css-g885vc-Timeline"
                  >
                    <div
                      class="timeline-icon css-fzwd7m-Timeline"
                    >
                      <div>
                        <img
                          alt="Icon"
                          data-testid="2-newDatasetVersionSubmitted"
                          src="[object Object]"
                        />
                      </div>
                    </div>
                    <div
                      class="css-1l50hzm-Timeline"
                    >
                      <time
                        data-testid="event-time-2"
                        datetime="14:49"
                      >
                        14:49
                      </time>
                    </div>
                  </div>
                  <div
                    class="css-u46oo6-Timeline"
                  >
                    <div>
                      <div
                        class="mb-3"
                      >
                        <b>
                          Version 2
                        </b>
                         of this dataset been submitted by data custodian 
                        <b>
                          Callum Reekie
                        </b>
                      </div>
                    </div>
                  </div>
                </li>
              </ul>
            </div>
          </div>
        </div>
      </div>
    </div>
  </div>
</div>
`;
