// Jest Snapshot v1, https://goo.gl/fbAQLP

exports[`KeepingUpdated should render content 1`] = `
<div>
  <div
    class="MuiBox-root mui-style-old1by"
  >
    <hr
      class="MuiDivider-root MuiDivider-fullWidth mui-style-9mgopn-MuiDivider-root"
    />
    <p
      class="MuiTypography-root MuiTypography-body1 mui-style-x6kutn-MuiTypography-root"
    >
      Keeping you updated
    </p>
    <hr
      class="MuiDivider-root MuiDivider-fullWidth mui-style-9mgopn-MuiDivider-root"
    />
    <div
      class="MuiBox-root mui-style-106jpu6"
    >
      <p
        class="MuiTypography-root MuiTypography-body1 mui-style-18e2eku-MuiTypography-root"
      >
        Feedback
      </p>
      <div
        class="MuiFormControl-root MuiFormControl-fullWidth mui-style-2dhluk-MuiFormControl-root"
      >
        <label
          class="MuiFormControlLabel-root MuiFormControlLabel-labelPlacementEnd mui-style-k156ro-MuiFormControlLabel-root"
        >
          <span
            class="MuiButtonBase-root MuiCheckbox-root MuiCheckbox-colorSecondary PrivateSwitchBase-root MuiCheckbox-root MuiCheckbox-colorSecondary MuiCheckbox-root MuiCheckbox-colorSecondary mui-style-1h1wp9s-MuiButtonBase-root-MuiCheckbox-root"
          >
            <input
              class="PrivateSwitchBase-input mui-style-1m9pwf3"
              data-indeterminate="false"
              name="contact_feedback"
              type="checkbox"
            />
            <svg
              aria-hidden="true"
              class="MuiSvgIcon-root MuiSvgIcon-fontSizeMedium mui-style-i4bv87-MuiSvgIcon-root"
              data-testid="CheckBoxOutlineBlankSharpIcon"
              focusable="false"
              viewBox="0 0 24 24"
            >
              <path
                d="M19 5v14H5V5h14m2-2H3v18h18V3z"
              />
            </svg>
          </span>
          <span
            class="MuiTypography-root MuiTypography-body1 MuiFormControlLabel-label mui-style-14rzwpn-MuiTypography-root"
          >
            I am happy to be contacted to share and give feedback on my experience with the Gateway
          </span>
        </label>
      </div>
    </div>
    <hr
      class="MuiDivider-root MuiDivider-fullWidth mui-style-9mgopn-MuiDivider-root"
    />
    <p
      class="MuiTypography-root MuiTypography-body1 mui-style-r36q7t-MuiTypography-root"
    >
      As a user of the Gateway we take the privacy and security of your personal data seriously. Our privacy policy aims to give you information on how Health Data Research UK collects and processes your personal data through your use of this Gateway, including any data you may provide by emailing us.
    </p>
  </div>
</div>
`;
