// Jest Snapshot v1, https://goo.gl/fbAQLP

exports[`Accordion should render component 1`] = `
<div>
  <div
    class="MuiPaper-root MuiPaper-elevation MuiPaper-rounded MuiPaper-elevation1 MuiAccordion-root MuiAccordion-rounded MuiAccordion-gutters mui-style-1dk74va-MuiPaper-root-MuiAccordion-root"
  >
    <div
      aria-expanded="false"
      class="MuiButtonBase-root MuiAccordionSummary-root MuiAccordionSummary-gutters mui-style-1gi6o5u-MuiButtonBase-root-MuiAccordionSummary-root"
      role="button"
      tabindex="0"
    >
      <div
        class="MuiAccordionSummary-content MuiAccordionSummary-contentGutters mui-style-6koi57-MuiAccordionSummary-content"
      >
        Accordion Summary
      </div>
      <div
        class="MuiAccordionSummary-expandIconWrapper mui-style-yw020d-MuiAccordionSummary-expandIconWrapper"
      >
        <svg
          aria-hidden="true"
          class="MuiSvgIcon-root MuiSvgIcon-colorPrimary MuiSvgIcon-fontSizeMedium mui-style-9nxk4h-MuiSvgIcon-root"
          data-testid="SortAscIconIcon"
          fill="none"
          focusable="false"
          viewBox="0 0 24 24"
          xmlns="http://www.w3.org/2000/svg"
        >
          <g
            id="chevron"
          >
            <path
              d="M12 16.205C11.768 16.205 11.537 16.125 11.349 15.964L3.59003 9.31404L4.89203 7.79504L12 13.888L19.108 7.79504L20.41 9.31404L12.651 15.964C12.463 16.125 12.232 16.205 12 16.205Z"
              fill="currentColor"
              id="Path"
            />
          </g>
        </svg>
      </div>
    </div>
    <div
      class="MuiCollapse-root MuiCollapse-vertical MuiCollapse-hidden mui-style-bz4dnt-MuiCollapse-root"
      style="min-height: 0px;"
    >
      <div
        class="MuiCollapse-wrapper MuiCollapse-vertical mui-style-smkl36-MuiCollapse-wrapper"
      >
        <div
          class="MuiCollapse-wrapperInner MuiCollapse-vertical mui-style-9l5vo-MuiCollapse-wrapperInner"
        >
          <div
            class="MuiAccordion-region"
            role="region"
          >
            <div
              class="MuiAccordionDetails-root mui-style-15v22id-MuiAccordionDetails-root"
            >
              Detail Contents
            </div>
          </div>
        </div>
      </div>
    </div>
  </div>
</div>
`;
