// Jest Snapshot v1, https://goo.gl/fbAQLP

exports[`Given the BlockQuote component When it is rendered Then matches the previous snapshot 1`] = `
<div>
  <div
    class="ui-Box emotion-0"
  >
    <blockquote
      class="ui-Blockquote additional-classname emotion-1"
    >
      Content
    </blockquote>
  </div>
</div>
`;
