// Jest Snapshot v1, https://goo.gl/fbAQLP

exports[`Given the SearchControlsForm component When it is rendered And it is not loading Then matches the previous snapshot 1`] = `
<div>
  <div
    class="ui-Box emotion-0"
  >
    <div
      class="emotion-1 row"
    >
      <div
        class="col-lg-6"
      >
        <div
          class="ui-Box emotion-0"
        >
          <div
            class="emotion-3 form-group"
          >
            <div
              class="ui-Input ui-SearchInput emotion-4 input-group"
            >
              <div
                class="emotion-5 input-group-prepend"
              >
                <span
                  class="ui-Icon emotion-6"
                >
                  <icon-mock />
                </span>
              </div>
              <input
                class="form-control"
                name="search"
                placeholder="Search within dataset"
                value="dataset"
              />
              <div
                class="emotion-7 input-group-append"
              >
                <span
                  class="ui-Icon emotion-8"
                  role="button"
                >
                  <icon-mock />
                </span>
              </div>
            </div>
          </div>
        </div>
      </div>
      <div
        class="col-lg-2"
      />
      <div
        class="d-flex justify-content-end col-lg-4"
      >
        <div
          class="ui-SortDropdown emotion-9"
        >
          <div
            class="ui-Box emotion-0"
          >
            <div
              class="ui-Dropdown emotion-11 dropdown"
            >
              <button
                aria-expanded="false"
                aria-haspopup="true"
                class="dropdown-toggle btn btn-primary"
                type="button"
              >
                Match to search terms (closest first)
              </button>
            </div>
          </div>
        </div>
      </div>
    </div>
  </div>
</div>
`;
