// Jest Snapshot v1, https://goo.gl/fbAQLP

exports[`Given the SearchControlsForm component When it is rendered And it is not loading Then matches the previous snapshot 1`] = `
<div>
  <div
    class="ui-Box css-672p6m"
  >
    <div
      class="css-1tuhzuv row"
    >
      <div
        class="col-lg-6"
      >
        <div
          class="ui-Box css-672p6m"
        >
          <div
            class="css-f3m9lf-Input form-group"
          >
            <div
              class="ui-Input ui-SearchInput css-uxo7bh-Input input-group"
            >
              <div
                class="css-1h9gu1e-Input input-group-prepend"
              >
                <button
                  fill="green700"
                  svg="[object Object]"
                >
                  Icon
                </button>
              </div>
              <input
                class="form-control"
                name="search"
                placeholder="Search within dataset"
                value="dataset"
              />
              <div
                class="css-175jcob-Input input-group-append"
              >
                <button
                  color="purple500"
                  role="button"
                  svg="[object Object]"
                >
                  Icon
                </button>
              </div>
            </div>
          </div>
        </div>
      </div>
      <div
        class="col-lg-2"
      />
      <div
        class="d-flex justify-content-end col-lg-4"
      >
        <div
          class="ui-SortDropdown css-13ymzsx-SortDropdown"
        >
          <div
            class="ui-Box css-672p6m"
          >
            <div
              class="ui-Dropdown css-cewc3p-SortDropdown dropdown"
            >
              <button
                aria-expanded="false"
                aria-haspopup="true"
                class="dropdown-toggle btn btn-primary"
                type="button"
              >
                Match to search terms (closest first)
              </button>
            </div>
          </div>
        </div>
      </div>
    </div>
  </div>
</div>
`;
