// Jest Snapshot v1, https://goo.gl/fbAQLP

exports[`Given the Alert component When it is rendered Then matches the previous snapshot 1`] = `
<div>
  <div
    class="ui-Box css-ichth-B"
  >
    <div
      class="ui-Alert css-mdcthr-Alert"
    >
      <div
        class="ui-Alert__icon css-1jspzre-Alert"
      >
        <span
          class="ui-Icon css-1tuhzuv css-18xv0v4-Icon"
        >
          <icon-mock
            fill="inherit"
          />
        </span>
      </div>
      <div
        class="css-ungsl1-Alert"
      >
        Content
      </div>
    </div>
  </div>
</div>
`;
