// Jest Snapshot v1, https://goo.gl/fbAQLP

exports[`GradientBoxes should render title 1`] = `
<div>
  <div
    class="MuiBox-root mui-style-1y4d2m4"
  >
    <div
      class="MuiBox-root mui-style-uiqv5c"
    >
      <a
        class="MuiTypography-root MuiTypography-inherit MuiLink-root MuiLink-underlineAlways mui-style-14c3g9b-MuiTypography-root-MuiLink-root"
        href="href"
        target="_self"
      >
        <div
          class="MuiTypography-root MuiTypography-h2 mui-style-9ijpzk-MuiTypography-root"
        >
          Lorem ipsum dolor sit amet, consectetur adipiscing elit.
        </div>
        <svg
          aria-hidden="true"
          class="MuiSvgIcon-root MuiSvgIcon-fontSizeMedium mui-style-i4bv87-MuiSvgIcon-root"
          data-testid="ArrowForwardIcon"
          focusable="false"
          viewBox="0 0 24 24"
        >
          <path
            d="m12 4-1.41 1.41L16.17 11H4v2h12.17l-5.58 5.59L12 20l8-8z"
          />
        </svg>
      </a>
      <div
        class="MuiTypography-root MuiTypography-body1 mui-style-aikkl4-MuiTypography-root"
      >
        <div
          class="LinesEllipsis  "
        >
          Vestibulum ultrices purus sit amet cursus gravida. Proin maximus porttitor dui, sed lobortis libero ultrices vitae. In a sem at erat venenatis rhoncus. Morbi at diam sed risus commodo tempus nec ac ligula. Curabitur arcu velit, volutpat in risus sed, suscipit commodo nulla. Aenean luctus feugiat eros at laoreet. Fusce rhoncus augue nec tellus ultrices, et tempor sapien sollicitudin.
          <wbr />
        </div>
      </div>
    </div>
    <div
      class="MuiBox-root mui-style-uiqv5c"
    >
      <a
        class="MuiTypography-root MuiTypography-inherit MuiLink-root MuiLink-underlineAlways mui-style-14c3g9b-MuiTypography-root-MuiLink-root"
        href="href"
        target="_self"
      >
        <div
          class="MuiTypography-root MuiTypography-h2 mui-style-9ijpzk-MuiTypography-root"
        >
          Vestibulum ultrices purus sit amet cursus gravida. 
        </div>
        <svg
          aria-hidden="true"
          class="MuiSvgIcon-root MuiSvgIcon-fontSizeMedium mui-style-i4bv87-MuiSvgIcon-root"
          data-testid="ArrowForwardIcon"
          focusable="false"
          viewBox="0 0 24 24"
        >
          <path
            d="m12 4-1.41 1.41L16.17 11H4v2h12.17l-5.58 5.59L12 20l8-8z"
          />
        </svg>
      </a>
      <div
        class="MuiTypography-root MuiTypography-body1 mui-style-aikkl4-MuiTypography-root"
      >
        <div
          class="LinesEllipsis  "
        >
          Proin maximus porttitor dui, sed lobortis libero ultrices vitae. In a sem at erat venenatis rhoncus. Morbi at diam sed risus commodo tempus nec ac ligula. Curabitur arcu velit, volutpat in risus sed, suscipit commodo nulla. Aenean luctus feugiat eros at laoreet. Fusce rhoncus augue nec tellus ultrices, et tempor sapien sollicitudin.
          <wbr />
        </div>
      </div>
    </div>
    <div
      class="MuiBox-root mui-style-uiqv5c"
    >
      <a
        class="MuiTypography-root MuiTypography-inherit MuiLink-root MuiLink-underlineAlways mui-style-14c3g9b-MuiTypography-root-MuiLink-root"
        href="href"
        target="_self"
      >
        <div
          class="MuiTypography-root MuiTypography-h2 mui-style-9ijpzk-MuiTypography-root"
        >
          Aenean luctus feugiat eros at laoreet.
        </div>
        <svg
          aria-hidden="true"
          class="MuiSvgIcon-root MuiSvgIcon-fontSizeMedium mui-style-i4bv87-MuiSvgIcon-root"
          data-testid="ArrowForwardIcon"
          focusable="false"
          viewBox="0 0 24 24"
        >
          <path
            d="m12 4-1.41 1.41L16.17 11H4v2h12.17l-5.58 5.59L12 20l8-8z"
          />
        </svg>
      </a>
      <div
        class="MuiTypography-root MuiTypography-body1 mui-style-aikkl4-MuiTypography-root"
      >
        <div
          class="LinesEllipsis  "
        >
          Fusce rhoncus augue nec tellus ultrices, et tempor sapien sollicitudin.
          <wbr />
        </div>
      </div>
    </div>
  </div>
</div>
`;
