// Jest Snapshot v1, https://goo.gl/fbAQLP

exports[`Given the GatewayAdvancedSearchDataUtilityWizard component When it is rendered Then matches the previous snapshot 1`] = `
<div>
  <div
    class="ui-Card ui-FeatureContentHorizontal emotion-0"
    role="article"
  >
    <div
      class="ui-CardBody emotion-1"
    >
      <div
        class="ui-Box emotion-2"
      >
        <div
          class="ui-Box emotion-3"
        >
          <div
            class="ui-Box emotion-2"
          >
            <h5
              class="ui-Typography emotion-5"
            >
              <div
                class="ui-Box emotion-2"
              >
                <div
                  class="ui-Box emotion-2"
                >
                  <div
                    class="ui-Box emotion-2"
                  >
                    Data Utility Wizard
                  </div>
                  <span
                    class="ui-Tag emotion-9"
                  >
                    BETA
                  </span>
                </div>
              </div>
            </h5>
            <div
              class="ui-Box emotion-2"
            >
              <p
                class="ui-Typography emotion-11"
              >
                A tool to help refine your search to only datasets that meet your data utility requirements.
              </p>
            </div>
          </div>
          <div
            class="ui-Box emotion-2"
          >
            <button
              class="ui-Button emotion-13"
              type="button"
            >
               
              Search using Data Utility Wizard
               
            </button>
          </div>
        </div>
        <div
          class="ui-Box emotion-2"
        >
          <div
            class="emotion-15"
          >
            <img
              alt="search.advanced.dataUtilityWizard.mediaAlt"
              src="https://web.www.healthdatagateway.org/"
            />
          </div>
        </div>
      </div>
    </div>
  </div>
</div>
`;
