// Jest Snapshot v1, https://goo.gl/fbAQLP

exports[`Given the ListInfo component When it is rendered Then matches the previous snapshot 1`] = `
<div>
  <div
    class="ui-Box emotion-0"
  >
    <ul
      class="ui-ListInfo additional-classname emotion-1"
    >
      <li
        class="emotion-2"
      >
        <div
          class="emotion-3"
        >
          Label 1
        </div>
        <div>
          Value 1
        </div>
      </li>
      <li
        class="emotion-2"
      >
        <div
          class="emotion-3"
        >
          Label 2
        </div>
        <div>
          Value 2
        </div>
      </li>
    </ul>
  </div>
</div>
`;
