// Jest Snapshot v1, https://goo.gl/fbAQLP

exports[`Given the ListInfo component When it is rendered Then matches the previous snapshot 1`] = `
<div>
  <div
    class="ui-Box css-ichth-B"
  >
    <ul
      class="ui-ListInfo additional-classname css-10bz5jl-ListInfo"
    >
      <li
        class="css-91yyrw-ListInfo"
      >
        <div
          class="css-t8jsbp-ListInfo"
        >
          Label 1
        </div>
        <div>
          Value 1
        </div>
      </li>
      <li
        class="css-91yyrw-ListInfo"
      >
        <div
          class="css-t8jsbp-ListInfo"
        >
          Label 2
        </div>
        <div>
          Value 2
        </div>
      </li>
    </ul>
  </div>
</div>
`;
