// Jest Snapshot v1, https://goo.gl/fbAQLP

exports[`Given the ListInfo component When it is rendered Then matches the previous snapshot 1`] = `
<div>
  <ul
    class="ui-ListInfo additional-classname css-1sivg29 css-1jupbku-ListInfo"
  >
    <li
      class="css-ifzpa6"
    >
      <div
        class="css-112bk1i"
      >
        Label 1
      </div>
      <div>
        Value 1
      </div>
    </li>
    <li
      class="css-ifzpa6"
    >
      <div
        class="css-112bk1i"
      >
        Label 2
      </div>
      <div>
        Value 2
      </div>
    </li>
  </ul>
</div>
`;
