// Jest Snapshot v1, https://goo.gl/fbAQLP

exports[`CMSPromoTemplate should render content 1`] = `
<div>
  <div
    class="wpStyles"
  >
    <div
      class="MuiBox-root mui-style-1ifzgud"
    >
      <h2
        class="MuiTypography-root MuiTypography-h2 mui-style-1j4mnqy-MuiTypography-root"
      >
        Cohort Discovery
      </h2>
    </div>
    <div
      class="MuiBox-root mui-style-1peaprr"
    >
      <div
        class="MuiBox-root mui-style-1t3222e"
      >
        <div
          class="MuiBox-root mui-style-e42i7k"
        >
          <div
            class="mui-style-65n8w-HTMLContent"
          >
            <h2>
              About Cohort Discovery
            </h2>
            

            <p>
              Statistical disclosure control policies are in place for each data custodian, so low numbers are excluded from query results and results may also be rounded to eliminate any potential risk of identification.This functionality has been developed as part of the CO-CONNECT programme and further information can be found on their 
              <a
                href="https://co-connect.ac.uk/"
              >
                website
              </a>
              . The summary metadata of the current datasets that are available to query via Cohort Discovery can be found in this 
              <a
                href="https://www.healthdatagateway.org/"
              >
                Collection
              </a>
               on the Gateway.
            </p>
            

          </div>
          <a
            class="MuiTypography-root MuiTypography-inherit MuiLink-root MuiLink-underlineAlways mui-style-135hpv8-MuiTypography-root-MuiLink-root"
            href="button/url"
          >
            <button
              class="MuiButtonBase-root MuiButton-root MuiButton-contained MuiButton-containedPrimary MuiButton-sizeMedium MuiButton-containedSizeMedium MuiButton-root MuiButton-contained MuiButton-containedPrimary MuiButton-sizeMedium MuiButton-containedSizeMedium mui-style-1gtm4ny-MuiButtonBase-root-MuiButton-root"
              tabindex="0"
              type="button"
            >
              Button title
              <span
                class="MuiTouchRipple-root mui-style-8je8zh-MuiTouchRipple-root"
              />
            </button>
          </a>
        </div>
        <div
          class="MuiBox-root mui-style-e42i7k"
        >
          <div
            class="mui-style-65n8w-HTMLContent"
          >
            <p>
              <iframe
                allow="accelerometer; autoplay; clipboard-write; encrypted-media; gyroscope; picture-in-picture; web-share"
                allowfullscreen=""
                frameborder="0"
                height="281"
                loading="lazy"
                src="https://www.youtube.com/embed/yvFrnbXlqRk?feature=oembed"
                title="Cohort Discovery on the Health Data Research Innovation Gateway"
                width="500"
              />
            </p>
            

          </div>
        </div>
      </div>
    </div>
    <div
      class="MuiBox-root mui-style-1ivsh08"
    >
      <div
        class="MuiBox-root mui-style-1hvbzpf"
      >
        <div
          class="mui-style-65n8w-HTMLContent"
        >
          <h3>
            How you can request access to Cohort Discovery
          </h3>
          

          <p>
            <img
              alt="Search and analyse medical groups"
              class=" wp-image-130 aligncenter"
              decoding="async"
              height="361"
              loading="lazy"
              sizes="(max-width: 395px) 100vw, 395px"
              src="https://storage.googleapis.com/hdrgatewaywordpresspoc/2023/12/e3b24faf-cohort-user-image-300x274.png"
              srcset="https://storage.googleapis.com/hdrgatewaywordpresspoc/2023/12/e3b24faf-cohort-user-image-300x274.png 300w, https://storage.googleapis.com/hdrgatewaywordpresspoc/2023/12/e3b24faf-cohort-user-image.png 601w"
              width="395"
            />
          </p>
          

        </div>
      </div>
      <a
        class="MuiTypography-root MuiTypography-inherit MuiLink-root MuiLink-underlineAlways mui-style-135hpv8-MuiTypography-root-MuiLink-root"
        href="button/url"
      >
        <button
          class="MuiButtonBase-root MuiButton-root MuiButton-contained MuiButton-containedPrimary MuiButton-sizeMedium MuiButton-containedSizeMedium MuiButton-root MuiButton-contained MuiButton-containedPrimary MuiButton-sizeMedium MuiButton-containedSizeMedium mui-style-1gtm4ny-MuiButtonBase-root-MuiButton-root"
          tabindex="0"
          type="button"
        >
          Button title
          <span
            class="MuiTouchRipple-root mui-style-8je8zh-MuiTouchRipple-root"
          />
        </button>
      </a>
    </div>
  </div>
</div>
`;
