// Jest Snapshot v1, https://goo.gl/fbAQLP

exports[`CMSPromoTemplate should render content 1`] = `
<div>
  <div
    class="wpStyles"
  >
    <div
      class="MuiBox-root mui-style-1u6a07a"
    >
      <h2
        class="MuiTypography-root MuiTypography-h2 mui-style-escq77-MuiTypography-root"
      >
        Cohort Discovery
      </h2>
    </div>
    <div
      class="MuiBox-root mui-style-twmf8g"
    >
      <div
        class="MuiBox-root mui-style-18srbfw"
      >
        <div
          class="MuiBox-root mui-style-e42i7k"
        >
          <div
            class="mui-style-xl0kid"
          >
            About Cohort Discovery
Statistical disclosure control policies are in place for each data custodian, so low numbers are excluded from query results and results may also be rounded to eliminate any potential risk of identification.This functionality has been developed as part of the CO-CONNECT programme and further information can be found on their website. The summary metadata of the current datasets that are available to query via Cohort Discovery can be found in this Collection on the Gateway.

          </div>
        </div>
        <div
          class="MuiBox-root mui-style-e42i7k"
        >
          <div
            class="mui-style-xl0kid"
          >
            <iframe
              allow="accelerometer; autoplay; clipboard-write; encrypted-media; gyroscope; picture-in-picture; web-share"
              allowfullscreen=""
              frameborder="0"
              height="281"
              loading="lazy"
              src="https://www.youtube.com/embed/yvFrnbXlqRk?feature=oembed"
              title="Cohort Discovery on the Health Data Research Innovation Gateway"
              width="500"
            />
            

          </div>
        </div>
      </div>
      <a
        class="MuiTypography-root MuiTypography-inherit MuiLink-root MuiLink-underlineAlways mui-style-1lcka2s-MuiTypography-root-MuiLink-root"
        href="button/url"
      >
        <button
          class="MuiButtonBase-root MuiButton-root MuiButton-contained MuiButton-containedPrimary MuiButton-sizeMedium MuiButton-containedSizeMedium MuiButton-root MuiButton-contained MuiButton-containedPrimary MuiButton-sizeMedium MuiButton-containedSizeMedium mui-style-1kr9t8c-MuiButtonBase-root-MuiButton-root"
          tabindex="0"
          type="button"
        >
          Button title
          <span
            class="MuiTouchRipple-root mui-style-8je8zh-MuiTouchRipple-root"
          />
        </button>
      </a>
    </div>
    <div
      class="MuiBox-root mui-style-1iru1wc"
    >
      <div
        class="MuiBox-root mui-style-19midj6"
      >
        <div
          class="mui-style-xl0kid"
        >
          How you can request access to Cohort Discovery


        </div>
      </div>
      <a
        class="MuiTypography-root MuiTypography-inherit MuiLink-root MuiLink-underlineAlways mui-style-1lcka2s-MuiTypography-root-MuiLink-root"
        href="button/url"
      >
        <button
          class="MuiButtonBase-root MuiButton-root MuiButton-contained MuiButton-containedPrimary MuiButton-sizeMedium MuiButton-containedSizeMedium MuiButton-root MuiButton-contained MuiButton-containedPrimary MuiButton-sizeMedium MuiButton-containedSizeMedium mui-style-1kr9t8c-MuiButtonBase-root-MuiButton-root"
          tabindex="0"
          type="button"
        >
          Button title
          <span
            class="MuiTouchRipple-root mui-style-8je8zh-MuiTouchRipple-root"
          />
        </button>
      </a>
    </div>
    <div
      class="MuiBox-root mui-style-gfthyi"
    >
      <div
        class="MuiBox-root mui-style-1t3222e"
      >
        <div
          class="MuiBox-root mui-style-e42i7k"
        >
          <div
            class="mui-style-xl0kid"
          >
            How cohort discovery works
A Cohort Discovery Data Custodian is an organisation who holds data and has enabled querying of that data for the purposes of Cohort Discovery.
          </div>
        </div>
      </div>
      <a
        class="MuiTypography-root MuiTypography-inherit MuiLink-root MuiLink-underlineAlways mui-style-1lcka2s-MuiTypography-root-MuiLink-root"
        href="button/url"
      >
        <button
          class="MuiButtonBase-root MuiButton-root MuiButton-contained MuiButton-containedPrimary MuiButton-sizeMedium MuiButton-containedSizeMedium MuiButton-root MuiButton-contained MuiButton-containedPrimary MuiButton-sizeMedium MuiButton-containedSizeMedium mui-style-1kr9t8c-MuiButtonBase-root-MuiButton-root"
          tabindex="0"
          type="button"
        >
          Button title
          <span
            class="MuiTouchRipple-root mui-style-8je8zh-MuiTouchRipple-root"
          />
        </button>
      </a>
    </div>
  </div>
</div>
`;
