// Jest Snapshot v1, https://goo.gl/fbAQLP

exports[`Given the AccountTeamMembers component When it is rendered Then matches the previous snapshot 1`] = `
<div>
  <div
    class="ui-Box emotion-0"
  >
    <div />
    <div>
      <div
        class="mt-2 row"
        subtext="...sorry, this is taking longer than usual"
        text="Loading..."
        timeout="5000"
      >
        <div
          class="col"
        >
          <div
            class="rectangle"
          >
            <div
              class="gray800-14"
              style="text-align: center;"
            >
              <img
                class=""
                src=""
              />
            </div>
            <div
              class="gray800-14"
              style="text-align: center;"
            >
              <p>
                Loading...
              </p>
              <p />
            </div>
          </div>
        </div>
      </div>
    </div>
    <div />
  </div>
</div>
`;

exports[`Given the AccountTeamMembers component When it is rendered Then shows a loader 1`] = `
<p>
  Loading...
</p>
`;

exports[`Given the AccountTeamMembers component When it is rendered When it is rendered Then matches the previous snapshot 1`] = `
<div>
  <div
    class="ui-Box emotion-0"
    data-testid="AccountTeamMembers"
  >
    <div />
    <div>
      <div
        class="ui-Card emotion-1"
        role="article"
      >
        <table
          class="emotion-2 emotion-3"
          role="table"
        >
          <thead>
            <tr
              role="row"
            >
              <th
                colspan="1"
                role="columnheader"
              >
                Name
              </th>
              <th
                colspan="1"
                role="columnheader"
              >
                <div
                  class="ui-Box emotion-0"
                >
                  Team Admin
                  <div
                    role="button"
                    style="display: inline-block; line-height: 0;"
                    tabindex="0"
                  >
                    <button
                      class="emotion-5"
                    >
                      <span
                        class="ui-Icon emotion-6"
                      >
                        <icon-mock />
                      </span>
                    </button>
                  </div>
                </div>
              </th>
              <th
                colspan="1"
                role="columnheader"
              >
                <div
                  class="ui-Box emotion-0"
                >
                  Data Access Request
                  <div
                    role="button"
                    style="display: inline-block; line-height: 0;"
                    tabindex="0"
                  >
                    <button
                      class="emotion-5"
                    >
                      <span
                        class="ui-Icon emotion-6"
                      >
                        <icon-mock />
                      </span>
                    </button>
                  </div>
                </div>
              </th>
              <th
                colspan="1"
                role="columnheader"
              >
                <div
                  class="ui-Box emotion-0"
                >
                  Metadata
                  <div
                    role="button"
                    style="display: inline-block; line-height: 0;"
                    tabindex="0"
                  >
                    <button
                      class="emotion-5"
                    >
                      <span
                        class="ui-Icon emotion-6"
                      >
                        <icon-mock />
                      </span>
                    </button>
                  </div>
                </div>
              </th>
              <th
                colspan="1"
                role="columnheader"
                style="width: 147px;"
              >
                Further Actions
              </th>
            </tr>
          </thead>
          <tbody
            role="rowgroup"
          >
            <tr
              role="row"
            >
              <td
                data-label="name"
                role="cell"
              >
                <a
                  class="ui-Typography emotion-13"
                  href="/person/5678"
                >
                  John
                   
                  Smith
                </a>
                <p
                  class="ui-Typography emotion-13"
                >
                  HDR UK
                </p>
              </td>
              <td
                data-label="teamAdmin"
                role="cell"
                valign="top"
              >
                <label
                  class="ui-Checkbox emotion-15 emotion-16"
                  for="5678_admin"
                >
                  <input
                    id="5678_admin"
                    type="checkbox"
                  />
                  <span
                    class="ui-Checkbox__label"
                  >
                    <span>
                      Admin
                    </span>
                  </span>
                </label>
              </td>
              <td
                data-label="dataAccessRequest"
                role="cell"
                valign="top"
              >
                <label
                  class="ui-Checkbox emotion-15 emotion-16"
                  for="5678_dataAccessRequest_manager"
                >
                  <input
                    id="5678_dataAccessRequest_manager"
                    type="checkbox"
                  />
                  <span
                    class="ui-Checkbox__label"
                  >
                    <span>
                      Manager
                    </span>
                  </span>
                </label>
                <label
                  class="ui-Checkbox emotion-15 emotion-16"
                  for="5678_dataAccessRequest_reviewer"
                >
                  <input
                    id="5678_dataAccessRequest_reviewer"
                    type="checkbox"
                  />
                  <span
                    class="ui-Checkbox__label"
                  >
                    <span>
                      Reviewer
                    </span>
                  </span>
                </label>
              </td>
              <td
                data-label="metadata"
                role="cell"
                valign="top"
              >
                <label
                  class="ui-Checkbox emotion-15 emotion-16"
                  for="5678_metadata_manager"
                >
                  <input
                    id="5678_metadata_manager"
                    type="checkbox"
                  />
                  <span
                    class="ui-Checkbox__label"
                  >
                    <span>
                      Manager
                    </span>
                  </span>
                </label>
                <label
                  class="ui-Checkbox emotion-15 emotion-16"
                  for="5678_metadata_editor"
                >
                  <input
                    id="5678_metadata_editor"
                    type="checkbox"
                  />
                  <span
                    class="ui-Checkbox__label"
                  >
                    <span>
                      Editor
                    </span>
                  </span>
                </label>
              </td>
              <td
                data-label="actions"
                role="cell"
              >
                <div
                  style="display: flex; justify-content: center;"
                >
                  <div
                    role="button"
                    style="display: inline-block; line-height: 0;"
                    tabindex="0"
                  >
                    <span
                      class="ui-Icon emotion-25"
                    >
                      <icon-mock
                        fill="inherit"
                      />
                    </span>
                  </div>
                </div>
              </td>
            </tr>
            <tr
              role="row"
            >
              <td
                data-label="name"
                role="cell"
              >
                <a
                  class="ui-Typography emotion-13"
                  href="/person/1234"
                >
                  Jane
                   
                  Doe
                </a>
                <p
                  class="ui-Typography emotion-13"
                >
                  Google
                </p>
              </td>
              <td
                data-label="teamAdmin"
                role="cell"
                valign="top"
              >
                <label
                  class="ui-Checkbox emotion-15 emotion-16"
                  for="1234_admin"
                >
                  <input
                    id="1234_admin"
                    type="checkbox"
                  />
                  <span
                    class="ui-Checkbox__label"
                  >
                    <span>
                      Admin
                    </span>
                  </span>
                </label>
              </td>
              <td
                data-label="dataAccessRequest"
                role="cell"
                valign="top"
              >
                <label
                  class="ui-Checkbox emotion-15 emotion-16"
                  for="1234_dataAccessRequest_manager"
                >
                  <input
                    id="1234_dataAccessRequest_manager"
                    type="checkbox"
                  />
                  <span
                    class="ui-Checkbox__label"
                  >
                    <span>
                      Manager
                    </span>
                  </span>
                </label>
                <label
                  class="ui-Checkbox emotion-15 emotion-16"
                  for="1234_dataAccessRequest_reviewer"
                >
                  <input
                    id="1234_dataAccessRequest_reviewer"
                    type="checkbox"
                  />
                  <span
                    class="ui-Checkbox__label"
                  >
                    <span>
                      Reviewer
                    </span>
                  </span>
                </label>
              </td>
              <td
                data-label="metadata"
                role="cell"
                valign="top"
              >
                <label
                  class="ui-Checkbox emotion-15 emotion-16"
                  for="1234_metadata_manager"
                >
                  <input
                    id="1234_metadata_manager"
                    type="checkbox"
                  />
                  <span
                    class="ui-Checkbox__label"
                  >
                    <span>
                      Manager
                    </span>
                  </span>
                </label>
                <label
                  class="ui-Checkbox emotion-15 emotion-16"
                  for="1234_metadata_editor"
                >
                  <input
                    id="1234_metadata_editor"
                    type="checkbox"
                  />
                  <span
                    class="ui-Checkbox__label"
                  >
                    <span>
                      Editor
                    </span>
                  </span>
                </label>
              </td>
              <td
                data-label="actions"
                role="cell"
              >
                <div
                  style="display: flex; justify-content: center;"
                >
                  <div
                    role="button"
                    style="display: inline-block; line-height: 0;"
                    tabindex="0"
                  >
                    <span
                      class="ui-Icon emotion-25"
                    >
                      <icon-mock
                        fill="inherit"
                      />
                    </span>
                  </div>
                </div>
              </td>
            </tr>
          </tbody>
        </table>
      </div>
      <div>
        Modal closed
      </div>
    </div>
    <div />
  </div>
</div>
`;
