// Jest Snapshot v1, https://goo.gl/fbAQLP

exports[`Given the Input component When it is rendered Then matches the previous snapshot 1`] = `
<div>
  <div
    class="ui-Box css-ichth-B"
  >
    <div
      class="css-f3m9lf-Input form-group"
    >
      <label
        class="css-bfnmbh-Input form-label"
      >
        Sample label
      </label>
      <div
        class="ui-Input additional-classname css-ola6vk-Input input-group"
      >
        <div
          class="css-1h9gu1e-Input input-group-prepend"
        >
          <span
            class="input-group-text"
          >
            Prepend text
          </span>
          <span
            class="ui-Icon css-1tuhzuv css-18xv0v4-Icon"
          >
            loading
          </span>
        </div>
        <input
          class="form-control"
          value="collection"
        />
        <div
          class="css-175jcob-Input input-group-append"
        >
          <span
            class="ui-Icon css-1tuhzuv css-18xv0v4-Icon"
          >
            tick
          </span>
          <span
            class="input-group-text"
          >
            Append text
          </span>
        </div>
      </div>
    </div>
  </div>
</div>
`;
