// Jest Snapshot v1, https://goo.gl/fbAQLP

exports[`Given the Input component When it is rendered Then matches the previous snapshot 1`] = `
<div>
  <div
    class="ui-Box emotion-0"
  >
    <div
      class="emotion-1 form-group"
    >
      <label
        class="emotion-2 form-label"
      >
        Sample label
      </label>
      <div
        class="ui-Input additional-classname emotion-3 input-group"
      >
        <div
          class="emotion-4 input-group-prepend"
        >
          <span
            class="input-group-text"
          >
            Prepend text
          </span>
          <span
            class="ui-Icon emotion-5 emotion-6"
          >
            loading
          </span>
        </div>
        <input
          class="form-control"
          value="collection"
        />
        <div
          class="emotion-7 input-group-append"
        >
          <span
            class="ui-Icon emotion-5 emotion-6"
          >
            tick
          </span>
          <span
            class="input-group-text"
          >
            Append text
          </span>
        </div>
      </div>
    </div>
  </div>
</div>
`;
