// Jest Snapshot v1, https://goo.gl/fbAQLP

exports[`DatasetStatCard should match snapshot 1`] = `
<div>
  <div
    class="MuiPaper-root MuiPaper-elevation MuiPaper-rounded MuiPaper-elevation1 MuiCard-root mui-style-1tdwrob-MuiPaper-root-MuiCard-root"
  >
    <div
      class="mui-style-1hyoz7m"
    >
      <p
        class="MuiTypography-root MuiTypography-body1 mui-style-1bwtdq5-MuiTypography-root"
      >
        A description
      </p>
      <div
        class="MuiBox-root mui-style-1lekzkb"
      >
        <button
          class="MuiButtonBase-root MuiIconButton-root MuiIconButton-sizeMedium mui-style-17wis5z-MuiButtonBase-root-MuiIconButton-root"
          tabindex="0"
          type="button"
        >
          <svg
            aria-hidden="true"
            class="MuiSvgIcon-root MuiSvgIcon-fontSizeMedium mui-style-slk7cj-MuiSvgIcon-root"
            data-testid="InfoIcon"
            focusable="false"
            viewBox="0 0 24 24"
          >
            <path
              d="M12 2C6.48 2 2 6.48 2 12s4.48 10 10 10 10-4.48 10-10S17.52 2 12 2zm1 15h-2v-6h2v6zm0-8h-2V7h2v2z"
            />
          </svg>
        </button>
      </div>
    </div>
    <div
      class="mui-style-r7t1kn"
    >
      <div
        class="mui-style-1cfaonj"
      >
        <p
          class="MuiTypography-root MuiTypography-body1 mui-style-qhyxbx-MuiTypography-root"
        >
          10
        </p>
        <p
          class="MuiTypography-root MuiTypography-body1 mui-style-qri3ce-MuiTypography-root"
        >
          days
        </p>
      </div>
      <div
        class="mui-style-n6cn66"
      >
        <img
          alt=""
          class="mui-style-1iuj5ih"
          data-nimg="fill"
          decoding="async"
          loading="lazy"
          sizes="100vw"
          src="/_next/image?url=%2Ftest.jpg&w=3840&q=75"
          srcset="/_next/image?url=%2Ftest.jpg&w=640&q=75 640w, /_next/image?url=%2Ftest.jpg&w=750&q=75 750w, /_next/image?url=%2Ftest.jpg&w=828&q=75 828w, /_next/image?url=%2Ftest.jpg&w=1080&q=75 1080w, /_next/image?url=%2Ftest.jpg&w=1200&q=75 1200w, /_next/image?url=%2Ftest.jpg&w=1920&q=75 1920w, /_next/image?url=%2Ftest.jpg&w=2048&q=75 2048w, /_next/image?url=%2Ftest.jpg&w=3840&q=75 3840w"
          style="position: absolute; height: 100%; width: 100%; left: 0px; top: 0px; right: 0px; bottom: 0px; color: transparent;"
        />
      </div>
    </div>
  </div>
</div>
`;
