// Jest Snapshot v1, https://goo.gl/fbAQLP

exports[`Widget embed contract: next.config headers matches the pinned header rules 1`] = `
[
  {
    "headers": [
      {
        "key": "Strict-Transport-Security",
        "value": "max-age=63072000; includeSubDomains; preload",
      },
    ],
    "source": "/(.*)",
  },
  {
    "headers": [
      {
        "key": "Access-Control-Allow-Credentials",
        "value": "true",
      },
      {
        "key": "Access-Control-Allow-Origin",
        "value": "*",
      },
      {
        "key": "Access-Control-Allow-Methods",
        "value": "GET",
      },
      {
        "key": "Access-Control-Allow-Headers",
        "value": "X-CSRF-Token, X-Requested-With, Accept, Accept-Version, Content-Length, Content-MD5, Content-Type, Date, X-Api-Version",
      },
    ],
    "source": "/api/widget/:path*",
  },
  {
    "headers": [
      {
        "key": "Access-Control-Allow-Credentials",
        "value": "true",
      },
      {
        "key": "Access-Control-Allow-Origin",
        "value": "*",
      },
      {
        "key": "Access-Control-Allow-Methods",
        "value": "GET",
      },
      {
        "key": "Access-Control-Allow-Headers",
        "value": "X-CSRF-Token, X-Requested-With, Accept, Accept-Version, Content-Length, Content-MD5, Content-Type, Date, X-Api-Version",
      },
    ],
    "source": "/embed/widget.js",
  },
]
`;
