// Jest Snapshot v1, https://goo.gl/fbAQLP

exports[`ModalButtons should render basic modal buttons 1`] = `
<div>
  <div
    class="MuiBox-root mui-style-f2lpgk"
  >
    <button
      class="MuiButtonBase-root MuiButton-root MuiButton-contained MuiButton-containedInherit MuiButton-sizeMedium MuiButton-containedSizeMedium MuiButton-colorInherit MuiButton-root MuiButton-contained MuiButton-containedInherit MuiButton-sizeMedium MuiButton-containedSizeMedium MuiButton-colorInherit mui-style-6jxqh1-MuiButtonBase-root-MuiButton-root"
      tabindex="0"
      type="button"
    >
      Cancel
      <span
        class="MuiTouchRipple-root mui-style-8je8zh-MuiTouchRipple-root"
      />
    </button>
    <button
      class="MuiButtonBase-root MuiButton-root MuiButton-contained MuiButton-containedPrimary MuiButton-sizeMedium MuiButton-containedSizeMedium MuiButton-colorPrimary MuiButton-root MuiButton-contained MuiButton-containedPrimary MuiButton-sizeMedium MuiButton-containedSizeMedium MuiButton-colorPrimary mui-style-1rr2m6m-MuiButtonBase-root-MuiButton-root"
      tabindex="0"
      type="button"
    >
      Confirm
      <span
        class="MuiTouchRipple-root mui-style-8je8zh-MuiTouchRipple-root"
      />
    </button>
  </div>
</div>
`;
