// Jest Snapshot v1, https://goo.gl/fbAQLP

exports[`KeyValueList should render component 1`] = `
<div>
  <div
    class="MuiBox-root mui-style-old1by"
  >
    <div
      class="MuiBox-root mui-style-qqe7it"
    >
      <p
        class="MuiTypography-root MuiTypography-body2 mui-style-1l1iali-MuiTypography-root"
      >
        one
        :
      </p>
      <div
        class="MuiTypography-root MuiTypography-body2 mui-style-a2nx0z-MuiTypography-root"
      >
        1
      </div>
    </div>
    <div
      class="MuiBox-root mui-style-qqe7it"
    >
      <p
        class="MuiTypography-root MuiTypography-body2 mui-style-1l1iali-MuiTypography-root"
      >
        two
        :
      </p>
      <div
        class="MuiTypography-root MuiTypography-body2 mui-style-a2nx0z-MuiTypography-root"
      >
        2
      </div>
    </div>
    <div
      class="MuiBox-root mui-style-qqe7it"
    >
      <p
        class="MuiTypography-root MuiTypography-body2 mui-style-1l1iali-MuiTypography-root"
      >
        three
        :
      </p>
      <div
        class="MuiTypography-root MuiTypography-body2 mui-style-a2nx0z-MuiTypography-root"
      >
        3
      </div>
    </div>
  </div>
</div>
`;
