// Jest Snapshot v1, https://goo.gl/fbAQLP

exports[`KeyValueList should render component 1`] = `
<div>
  <div
    class="MuiBox-root mui-style-old1by"
  >
    <div
      class="MuiBox-root mui-style-idaxv"
    >
      <p
        class="MuiTypography-root MuiTypography-body1 mui-style-6u0hew-MuiTypography-root"
      >
        one
        :
      </p>
      <div
        class="MuiTypography-root MuiTypography-body1 mui-style-tvrnxf-MuiTypography-root"
      >
        1
      </div>
    </div>
    <div
      class="MuiBox-root mui-style-idaxv"
    >
      <p
        class="MuiTypography-root MuiTypography-body1 mui-style-6u0hew-MuiTypography-root"
      >
        two
        :
      </p>
      <div
        class="MuiTypography-root MuiTypography-body1 mui-style-tvrnxf-MuiTypography-root"
      >
        2
      </div>
    </div>
    <div
      class="MuiBox-root mui-style-idaxv"
    >
      <p
        class="MuiTypography-root MuiTypography-body1 mui-style-6u0hew-MuiTypography-root"
      >
        three
        :
      </p>
      <div
        class="MuiTypography-root MuiTypography-body1 mui-style-tvrnxf-MuiTypography-root"
      >
        3
      </div>
    </div>
  </div>
</div>
`;
