// Jest Snapshot v1, https://goo.gl/fbAQLP

exports[`SocialProviders should render content 1`] = `
<div>
  <div
    class="MuiBox-root mui-style-v1crop"
  >
    <p
      class="MuiTypography-root MuiTypography-body2 mui-style-1dn6yst-MuiTypography-root-Label"
    >
      <label
        for="provider"
      >
        Your preferred sign in method
      </label>
    </p>
    <div
      class="MuiBox-root mui-style-sg1m7l"
    >
      <div
        class="MuiBox-root mui-style-z8xd21"
      >
        <img
          alt="Google"
          data-nimg="1"
          decoding="async"
          height="20"
          loading="lazy"
          src="/_next/image?url=%2Fimages%2Flogos%2Fgoogle-logo.png&w=48&q=75"
          srcset="/_next/image?url=%2Fimages%2Flogos%2Fgoogle-logo.png&w=32&q=75 1x, /_next/image?url=%2Fimages%2Flogos%2Fgoogle-logo.png&w=48&q=75 2x"
          style="color: transparent;"
          width="20"
        />
        <span
          class="mui-style-18qh7jl"
        />
        <div>
          Sign in with 
          Google
        </div>
      </div>
      <div
        class="MuiBox-root mui-style-1cgyyae"
      >
        <img
          alt="LinkedIn"
          data-nimg="1"
          decoding="async"
          height="20"
          loading="lazy"
          src="/_next/image?url=%2Fimages%2Flogos%2FlinkedIn-logo.png&w=48&q=75"
          srcset="/_next/image?url=%2Fimages%2Flogos%2FlinkedIn-logo.png&w=32&q=75 1x, /_next/image?url=%2Fimages%2Flogos%2FlinkedIn-logo.png&w=48&q=75 2x"
          style="color: transparent;"
          width="20"
        />
        <div>
          Sign in with 
          LinkedIn
        </div>
      </div>
      <div
        class="MuiBox-root mui-style-1cgyyae"
      >
        <img
          alt="Microsoft"
          data-nimg="1"
          decoding="async"
          height="20"
          loading="lazy"
          src="/_next/image?url=%2Fimages%2Flogos%2Fmicrosoft-logo.png&w=48&q=75"
          srcset="/_next/image?url=%2Fimages%2Flogos%2Fmicrosoft-logo.png&w=32&q=75 1x, /_next/image?url=%2Fimages%2Flogos%2Fmicrosoft-logo.png&w=48&q=75 2x"
          style="color: transparent;"
          width="20"
        />
        <div>
          Sign in with 
          Microsoft
        </div>
      </div>
    </div>
  </div>
</div>
`;
