// Jest Snapshot v1, https://goo.gl/fbAQLP

exports[`Given the SearchInput component When it is rendered Then matches the previous snapshot 1`] = `
<div>
  <div
    class="ui-Box emotion-0"
  >
    <div
      class="emotion-1 form-group"
    >
      <div
        class="ui-Input ui-SearchInput emotion-2 input-group"
      >
        <div
          class="emotion-3 input-group-prepend"
        >
          <span
            class="ui-Icon emotion-4"
          >
            <icon-mock />
          </span>
        </div>
        <input
          class="form-control"
          name="search"
          value=""
        />
      </div>
    </div>
  </div>
</div>
`;
