// Jest Snapshot v1, https://goo.gl/fbAQLP

exports[`Given the AccountDataset component When it is rendered And the Make a decision button is clicked Then loads the Make a decision overlay 1`] = `
<div>
  <div
    class="ui-LayoutContent row"
  >
    <div
      class="ui-LayoutContent--left col-1"
    />
    <div
      class="ui-LayoutContent--content col-10"
    >
      <div />
      <div />
      <div />
      <div />
      <div />
      <div
        class="actionBar"
      >
        <div
          class="action-bar-actions"
        >
          <button
            class="btn btn-light"
            type="button"
          >
            Previous
          </button>
          <button
            class="btn btn-light"
            type="button"
          >
            Next
          </button>
          <div
            class="show dropdown"
          >
            <a
              href="javascript:void(0)"
            >
              <button
                class="button-secondary "
              >
                Make a decision
              </button>
            </a>
            <div
              aria-labelledby=""
              class="actionMenuDropdown dropdown-menu show"
              data-popper-escaped="true"
              data-popper-placement="bottom-start"
              data-popper-reference-hidden="true"
              style="position: absolute; top: 0px; left: 0px; margin: 0px; transform: translate(0px, 0px);"
              x-placement="bottom-start"
            >
              <div
                class="actionMenuSection"
              >
                <div
                  class="actionMenuHeader"
                >
                  <span
                    class="gray800-14-bold description"
                  >
                    Make a decision
                  </span>
                </div>
                <div
                  class="pointer option"
                >
                  <span
                    class="gray800-14 title"
                    style="margin-top: 0px;"
                  >
                    Approve
                  </span>
                </div>
                <div
                  class="pointer option"
                >
                  <span
                    class="gray800-14 title"
                    style="margin-top: 0px;"
                  >
                    Reject
                  </span>
                </div>
              </div>
            </div>
          </div>
          <button
            class="btn btn-primary"
            type="button"
          >
            View form
          </button>
        </div>
      </div>
    </div>
    <div
      class="ui-LayoutContent--right col-1"
    />
  </div>
</div>
`;

exports[`Given the AccountDataset component When it is rendered Then matches the previous snapshot 1`] = `
<div>
  <div
    class="ui-LayoutContent row"
  >
    <div
      class="ui-LayoutContent--left col-1"
    />
    <div
      class="ui-LayoutContent--content col-10"
    >
      <div
        class="mt-2 row"
      >
        <div
          class="col"
        >
          <div
            class="rectangle"
          >
            <div
              class="gray800-14"
              style="text-align: center;"
            >
              <img
                class=""
                src=""
              />
            </div>
            <div
              class="gray800-14"
              style="text-align: center;"
            >
              Loading...
            </div>
          </div>
        </div>
      </div>
    </div>
    <div
      class="ui-LayoutContent--right col-1"
    />
  </div>
</div>
`;
