// Jest Snapshot v1, https://goo.gl/fbAQLP

exports[`Given the AccountDataset component When it is rendered And the Make a decision button is clicked Then loads the Make a decision overlay 1`] = `<div />`;

exports[`Given the AccountDataset component When it is rendered Then matches the previous snapshot 1`] = `
<div>
  <div
    class="ui-Box emotion-0"
  >
    <div />
    <div>
      <div
        class="mt-2 row"
        subtext="...sorry, this is taking longer than usual"
        text="Loading..."
        timeout="5000"
      >
        <div
          class="col"
        >
          <div
            class="rectangle"
          >
            <div
              class="gray800-14"
              style="text-align: center;"
            >
              <img
                class=""
                src=""
              />
            </div>
            <div
              class="gray800-14"
              style="text-align: center;"
            >
              <p>
                Loading...
              </p>
              <p />
            </div>
          </div>
        </div>
      </div>
    </div>
    <div />
  </div>
</div>
`;
