// Jest Snapshot v1, https://goo.gl/fbAQLP

exports[`Loading should render component 1`] = `
<div>
  <div
    aria-live="polite"
    class="MuiBox-root mui-style-1c3tbzi"
  >
    <span
      class="MuiCircularProgress-root MuiCircularProgress-indeterminate MuiCircularProgress-colorSecondary mui-style-zxm296-MuiCircularProgress-root"
      role="status"
      style="width: 48px; height: 48px;"
    >
      <svg
        class="MuiCircularProgress-svg mui-style-54pwck-MuiCircularProgress-svg"
        viewBox="22 22 44 44"
      >
        <circle
          class="MuiCircularProgress-circle MuiCircularProgress-circleIndeterminate mui-style-19t5dcl-MuiCircularProgress-circle"
          cx="44"
          cy="44"
          fill="none"
          r="20.2"
          stroke-width="3.6"
        />
      </svg>
    </span>
    <span
      role="alert"
      style="border: 0px; height: 1px; margin: -1px; overflow: hidden; padding: 0px; position: absolute; white-space: nowrap; width: 1px;"
    >
      Loading
    </span>
  </div>
</div>
`;
